[0.057s] DEBUG:colcon:Command line arguments: ['/usr/bin/colcon', 'build', '--packages-select', 'romi_base']
[0.058s] DEBUG:colcon:Parsed command line arguments: Namespace(log_base=None, log_level=None, verb_name='build', build_base='build', install_base='install', merge_install=False, symlink_install=False, test_result_base=None, continue_on_error=False, executor='parallel', parallel_workers=12, event_handlers=None, ignore_user_meta=False, metas=['./colcon.meta'], base_paths=['.'], packages_ignore=None, packages_ignore_regex=None, paths=None, packages_up_to=None, packages_up_to_regex=None, packages_above=None, packages_above_and_dependencies=None, packages_above_depth=None, packages_select_by_dep=None, packages_skip_by_dep=None, packages_skip_up_to=None, packages_select_build_failed=False, packages_skip_build_finished=False, packages_select_test_failures=False, packages_skip_test_passed=False, packages_select=['romi_base'], packages_skip=None, packages_select_regex=None, packages_skip_regex=None, packages_start=None, packages_end=None, cmake_args=None, cmake_target=None, cmake_target_skip_unavailable=False, cmake_clean_cache=False, cmake_clean_first=False, cmake_force_configure=False, ament_cmake_args=None, catkin_cmake_args=None, catkin_skip_building_tests=False, mixin_files=None, mixin=None, verb_parser=<colcon_mixin.mixin.mixin_argument.MixinArgumentDecorator object at 0x7c82f1b0b730>, verb_extension=<colcon_core.verb.build.BuildVerb object at 0x7c82f1b0b0a0>, main=<bound method BuildVerb.main of <colcon_core.verb.build.BuildVerb object at 0x7c82f1b0b0a0>>, mixin_verb=('build',))
[0.123s] Level 1:colcon.colcon_core.package_discovery:discover_packages(colcon_meta) check parameters
[0.124s] INFO:colcon.colcon_metadata.package_discovery.colcon_meta:Using configuration from '/root/.colcon/metadata/default/Gazebo.meta'
[0.124s] INFO:colcon.colcon_metadata.package_discovery.colcon_meta:Using configuration from '/root/.colcon/metadata/default/fastdds.meta'
[0.124s] INFO:colcon.colcon_metadata.package_discovery.colcon_meta:Using configuration from '/root/.colcon/metadata/default/fastrtps.meta'
[0.124s] Level 1:colcon.colcon_core.package_discovery:discover_packages(recursive) check parameters
[0.124s] Level 1:colcon.colcon_core.package_discovery:discover_packages(ignore) check parameters
[0.124s] Level 1:colcon.colcon_core.package_discovery:discover_packages(path) check parameters
[0.124s] Level 1:colcon.colcon_core.package_discovery:discover_packages(colcon_meta) discover
[0.124s] Level 1:colcon.colcon_core.package_discovery:discover_packages(recursive) discover
[0.124s] INFO:colcon.colcon_core.package_discovery:Crawling recursively for packages in '/root/ros2_ws/src/ROMI-ROS2'
[0.124s] Level 1:colcon.colcon_core.package_identification:_identify(.) by extensions ['ignore', 'ignore_ament_install']
[0.124s] Level 1:colcon.colcon_core.package_identification:_identify(.) by extension 'ignore'
[0.124s] Level 1:colcon.colcon_core.package_identification:_identify(.) by extension 'ignore_ament_install'
[0.124s] Level 1:colcon.colcon_core.package_identification:_identify(.) by extensions ['colcon_pkg']
[0.124s] Level 1:colcon.colcon_core.package_identification:_identify(.) by extension 'colcon_pkg'
[0.124s] Level 1:colcon.colcon_core.package_identification:_identify(.) by extensions ['colcon_meta']
[0.124s] Level 1:colcon.colcon_core.package_identification:_identify(.) by extension 'colcon_meta'
[0.124s] Level 1:colcon.colcon_core.package_identification:_identify(.) by extensions ['ros']
[0.125s] Level 1:colcon.colcon_core.package_identification:_identify(.) by extension 'ros'
[0.131s] Level 1:colcon.colcon_core.package_identification:_identify(.) by extensions ['cmake', 'python']
[0.131s] Level 1:colcon.colcon_core.package_identification:_identify(.) by extension 'cmake'
[0.131s] Level 1:colcon.colcon_core.package_identification:_identify(.) by extension 'python'
[0.131s] Level 1:colcon.colcon_core.package_identification:_identify(.) by extensions ['python_setup_py']
[0.131s] Level 1:colcon.colcon_core.package_identification:_identify(.) by extension 'python_setup_py'
[0.131s] Level 1:colcon.colcon_core.package_identification:_identify(build) by extensions ['ignore', 'ignore_ament_install']
[0.131s] Level 1:colcon.colcon_core.package_identification:_identify(build) by extension 'ignore'
[0.131s] Level 1:colcon.colcon_core.package_identification:_identify(build) ignored
[0.131s] Level 1:colcon.colcon_core.package_identification:_identify(install) by extensions ['ignore', 'ignore_ament_install']
[0.131s] Level 1:colcon.colcon_core.package_identification:_identify(install) by extension 'ignore'
[0.131s] Level 1:colcon.colcon_core.package_identification:_identify(install) ignored
[0.131s] Level 1:colcon.colcon_core.package_identification:_identify(lab_assets) by extensions ['ignore', 'ignore_ament_install']
[0.131s] Level 1:colcon.colcon_core.package_identification:_identify(lab_assets) by extension 'ignore'
[0.131s] Level 1:colcon.colcon_core.package_identification:_identify(lab_assets) by extension 'ignore_ament_install'
[0.131s] Level 1:colcon.colcon_core.package_identification:_identify(lab_assets) by extensions ['colcon_pkg']
[0.131s] Level 1:colcon.colcon_core.package_identification:_identify(lab_assets) by extension 'colcon_pkg'
[0.131s] Level 1:colcon.colcon_core.package_identification:_identify(lab_assets) by extensions ['colcon_meta']
[0.131s] Level 1:colcon.colcon_core.package_identification:_identify(lab_assets) by extension 'colcon_meta'
[0.131s] Level 1:colcon.colcon_core.package_identification:_identify(lab_assets) by extensions ['ros']
[0.131s] Level 1:colcon.colcon_core.package_identification:_identify(lab_assets) by extension 'ros'
[0.131s] Level 1:colcon.colcon_core.package_identification:_identify(lab_assets) by extensions ['cmake', 'python']
[0.131s] Level 1:colcon.colcon_core.package_identification:_identify(lab_assets) by extension 'cmake'
[0.131s] Level 1:colcon.colcon_core.package_identification:_identify(lab_assets) by extension 'python'
[0.131s] Level 1:colcon.colcon_core.package_identification:_identify(lab_assets) by extensions ['python_setup_py']
[0.131s] Level 1:colcon.colcon_core.package_identification:_identify(lab_assets) by extension 'python_setup_py'
[0.131s] Level 1:colcon.colcon_core.package_identification:_identify(lab_assets/arduino) by extensions ['ignore', 'ignore_ament_install']
[0.131s] Level 1:colcon.colcon_core.package_identification:_identify(lab_assets/arduino) by extension 'ignore'
[0.131s] Level 1:colcon.colcon_core.package_identification:_identify(lab_assets/arduino) by extension 'ignore_ament_install'
[0.131s] Level 1:colcon.colcon_core.package_identification:_identify(lab_assets/arduino) by extensions ['colcon_pkg']
[0.131s] Level 1:colcon.colcon_core.package_identification:_identify(lab_assets/arduino) by extension 'colcon_pkg'
[0.131s] Level 1:colcon.colcon_core.package_identification:_identify(lab_assets/arduino) by extensions ['colcon_meta']
[0.131s] Level 1:colcon.colcon_core.package_identification:_identify(lab_assets/arduino) by extension 'colcon_meta'
[0.131s] Level 1:colcon.colcon_core.package_identification:_identify(lab_assets/arduino) by extensions ['ros']
[0.131s] Level 1:colcon.colcon_core.package_identification:_identify(lab_assets/arduino) by extension 'ros'
[0.131s] Level 1:colcon.colcon_core.package_identification:_identify(lab_assets/arduino) by extensions ['cmake', 'python']
[0.131s] Level 1:colcon.colcon_core.package_identification:_identify(lab_assets/arduino) by extension 'cmake'
[0.131s] Level 1:colcon.colcon_core.package_identification:_identify(lab_assets/arduino) by extension 'python'
[0.131s] Level 1:colcon.colcon_core.package_identification:_identify(lab_assets/arduino) by extensions ['python_setup_py']
[0.131s] Level 1:colcon.colcon_core.package_identification:_identify(lab_assets/arduino) by extension 'python_setup_py'
[0.131s] Level 1:colcon.colcon_core.package_identification:_identify(lab_assets/arduino/RomiRPiSlaveDemo) by extensions ['ignore', 'ignore_ament_install']
[0.131s] Level 1:colcon.colcon_core.package_identification:_identify(lab_assets/arduino/RomiRPiSlaveDemo) by extension 'ignore'
[0.131s] Level 1:colcon.colcon_core.package_identification:_identify(lab_assets/arduino/RomiRPiSlaveDemo) by extension 'ignore_ament_install'
[0.131s] Level 1:colcon.colcon_core.package_identification:_identify(lab_assets/arduino/RomiRPiSlaveDemo) by extensions ['colcon_pkg']
[0.131s] Level 1:colcon.colcon_core.package_identification:_identify(lab_assets/arduino/RomiRPiSlaveDemo) by extension 'colcon_pkg'
[0.132s] Level 1:colcon.colcon_core.package_identification:_identify(lab_assets/arduino/RomiRPiSlaveDemo) by extensions ['colcon_meta']
[0.132s] Level 1:colcon.colcon_core.package_identification:_identify(lab_assets/arduino/RomiRPiSlaveDemo) by extension 'colcon_meta'
[0.132s] Level 1:colcon.colcon_core.package_identification:_identify(lab_assets/arduino/RomiRPiSlaveDemo) by extensions ['ros']
[0.132s] Level 1:colcon.colcon_core.package_identification:_identify(lab_assets/arduino/RomiRPiSlaveDemo) by extension 'ros'
[0.132s] Level 1:colcon.colcon_core.package_identification:_identify(lab_assets/arduino/RomiRPiSlaveDemo) by extensions ['cmake', 'python']
[0.132s] Level 1:colcon.colcon_core.package_identification:_identify(lab_assets/arduino/RomiRPiSlaveDemo) by extension 'cmake'
[0.132s] Level 1:colcon.colcon_core.package_identification:_identify(lab_assets/arduino/RomiRPiSlaveDemo) by extension 'python'
[0.132s] Level 1:colcon.colcon_core.package_identification:_identify(lab_assets/arduino/RomiRPiSlaveDemo) by extensions ['python_setup_py']
[0.132s] Level 1:colcon.colcon_core.package_identification:_identify(lab_assets/arduino/RomiRPiSlaveDemo) by extension 'python_setup_py'
[0.132s] Level 1:colcon.colcon_core.package_identification:_identify(lab_assets/pi_image) by extensions ['ignore', 'ignore_ament_install']
[0.132s] Level 1:colcon.colcon_core.package_identification:_identify(lab_assets/pi_image) by extension 'ignore'
[0.132s] Level 1:colcon.colcon_core.package_identification:_identify(lab_assets/pi_image) by extension 'ignore_ament_install'
[0.132s] Level 1:colcon.colcon_core.package_identification:_identify(lab_assets/pi_image) by extensions ['colcon_pkg']
[0.132s] Level 1:colcon.colcon_core.package_identification:_identify(lab_assets/pi_image) by extension 'colcon_pkg'
[0.132s] Level 1:colcon.colcon_core.package_identification:_identify(lab_assets/pi_image) by extensions ['colcon_meta']
[0.132s] Level 1:colcon.colcon_core.package_identification:_identify(lab_assets/pi_image) by extension 'colcon_meta'
[0.132s] Level 1:colcon.colcon_core.package_identification:_identify(lab_assets/pi_image) by extensions ['ros']
[0.132s] Level 1:colcon.colcon_core.package_identification:_identify(lab_assets/pi_image) by extension 'ros'
[0.132s] Level 1:colcon.colcon_core.package_identification:_identify(lab_assets/pi_image) by extensions ['cmake', 'python']
[0.132s] Level 1:colcon.colcon_core.package_identification:_identify(lab_assets/pi_image) by extension 'cmake'
[0.132s] Level 1:colcon.colcon_core.package_identification:_identify(lab_assets/pi_image) by extension 'python'
[0.132s] Level 1:colcon.colcon_core.package_identification:_identify(lab_assets/pi_image) by extensions ['python_setup_py']
[0.132s] Level 1:colcon.colcon_core.package_identification:_identify(lab_assets/pi_image) by extension 'python_setup_py'
[0.132s] Level 1:colcon.colcon_core.package_identification:_identify(log) by extensions ['ignore', 'ignore_ament_install']
[0.132s] Level 1:colcon.colcon_core.package_identification:_identify(log) by extension 'ignore'
[0.132s] Level 1:colcon.colcon_core.package_identification:_identify(log) ignored
[0.132s] Level 1:colcon.colcon_core.package_identification:_identify(romi_base) by extensions ['ignore', 'ignore_ament_install']
[0.132s] Level 1:colcon.colcon_core.package_identification:_identify(romi_base) by extension 'ignore'
[0.132s] Level 1:colcon.colcon_core.package_identification:_identify(romi_base) by extension 'ignore_ament_install'
[0.132s] Level 1:colcon.colcon_core.package_identification:_identify(romi_base) by extensions ['colcon_pkg']
[0.132s] Level 1:colcon.colcon_core.package_identification:_identify(romi_base) by extension 'colcon_pkg'
[0.132s] Level 1:colcon.colcon_core.package_identification:_identify(romi_base) by extensions ['colcon_meta']
[0.132s] Level 1:colcon.colcon_core.package_identification:_identify(romi_base) by extension 'colcon_meta'
[0.132s] Level 1:colcon.colcon_core.package_identification:_identify(romi_base) by extensions ['ros']
[0.132s] Level 1:colcon.colcon_core.package_identification:_identify(romi_base) by extension 'ros'
[0.134s] DEBUG:colcon.colcon_core.package_identification:Package 'romi_base' with type 'ros.ament_python' and name 'romi_base'
[0.134s] Level 1:colcon.colcon_core.package_identification:_identify(rplidar_ros) by extensions ['ignore', 'ignore_ament_install']
[0.134s] Level 1:colcon.colcon_core.package_identification:_identify(rplidar_ros) by extension 'ignore'
[0.134s] Level 1:colcon.colcon_core.package_identification:_identify(rplidar_ros) by extension 'ignore_ament_install'
[0.134s] Level 1:colcon.colcon_core.package_identification:_identify(rplidar_ros) by extensions ['colcon_pkg']
[0.134s] Level 1:colcon.colcon_core.package_identification:_identify(rplidar_ros) by extension 'colcon_pkg'
[0.134s] Level 1:colcon.colcon_core.package_identification:_identify(rplidar_ros) by extensions ['colcon_meta']
[0.134s] Level 1:colcon.colcon_core.package_identification:_identify(rplidar_ros) by extension 'colcon_meta'
[0.134s] Level 1:colcon.colcon_core.package_identification:_identify(rplidar_ros) by extensions ['ros']
[0.134s] Level 1:colcon.colcon_core.package_identification:_identify(rplidar_ros) by extension 'ros'
[0.134s] DEBUG:colcon.colcon_core.package_identification:Package 'rplidar_ros' with type 'ros.ament_cmake' and name 'rplidar_ros'
[0.134s] Level 1:colcon.colcon_core.package_identification:_identify(scripts) by extensions ['ignore', 'ignore_ament_install']
[0.135s] Level 1:colcon.colcon_core.package_identification:_identify(scripts) by extension 'ignore'
[0.135s] Level 1:colcon.colcon_core.package_identification:_identify(scripts) by extension 'ignore_ament_install'
[0.135s] Level 1:colcon.colcon_core.package_identification:_identify(scripts) by extensions ['colcon_pkg']
[0.135s] Level 1:colcon.colcon_core.package_identification:_identify(scripts) by extension 'colcon_pkg'
[0.135s] Level 1:colcon.colcon_core.package_identification:_identify(scripts) by extensions ['colcon_meta']
[0.135s] Level 1:colcon.colcon_core.package_identification:_identify(scripts) by extension 'colcon_meta'
[0.135s] Level 1:colcon.colcon_core.package_identification:_identify(scripts) by extensions ['ros']
[0.135s] Level 1:colcon.colcon_core.package_identification:_identify(scripts) by extension 'ros'
[0.135s] Level 1:colcon.colcon_core.package_identification:_identify(scripts) by extensions ['cmake', 'python']
[0.135s] Level 1:colcon.colcon_core.package_identification:_identify(scripts) by extension 'cmake'
[0.135s] Level 1:colcon.colcon_core.package_identification:_identify(scripts) by extension 'python'
[0.135s] Level 1:colcon.colcon_core.package_identification:_identify(scripts) by extensions ['python_setup_py']
[0.135s] Level 1:colcon.colcon_core.package_identification:_identify(scripts) by extension 'python_setup_py'
[0.135s] Level 1:colcon.colcon_core.package_discovery:discover_packages(recursive) using defaults
[0.135s] Level 1:colcon.colcon_core.package_discovery:discover_packages(ignore) discover
[0.135s] Level 1:colcon.colcon_core.package_discovery:discover_packages(ignore) using defaults
[0.135s] Level 1:colcon.colcon_core.package_discovery:discover_packages(path) discover
[0.135s] Level 1:colcon.colcon_core.package_discovery:discover_packages(path) using defaults
[0.146s] INFO:colcon.colcon_core.package_selection:Skipping not selected package 'rplidar_ros' in 'rplidar_ros'
[0.146s] Level 5:colcon.colcon_core.verb:set package 'romi_base' build argument 'cmake_args' from command line to 'None'
[0.146s] Level 5:colcon.colcon_core.verb:set package 'romi_base' build argument 'cmake_target' from command line to 'None'
[0.146s] Level 5:colcon.colcon_core.verb:set package 'romi_base' build argument 'cmake_target_skip_unavailable' from command line to 'False'
[0.146s] Level 5:colcon.colcon_core.verb:set package 'romi_base' build argument 'cmake_clean_cache' from command line to 'False'
[0.146s] Level 5:colcon.colcon_core.verb:set package 'romi_base' build argument 'cmake_clean_first' from command line to 'False'
[0.146s] Level 5:colcon.colcon_core.verb:set package 'romi_base' build argument 'cmake_force_configure' from command line to 'False'
[0.146s] Level 5:colcon.colcon_core.verb:set package 'romi_base' build argument 'ament_cmake_args' from command line to 'None'
[0.146s] Level 5:colcon.colcon_core.verb:set package 'romi_base' build argument 'catkin_cmake_args' from command line to 'None'
[0.146s] Level 5:colcon.colcon_core.verb:set package 'romi_base' build argument 'catkin_skip_building_tests' from command line to 'False'
[0.146s] DEBUG:colcon.colcon_core.verb:Building package 'romi_base' with the following arguments: {'ament_cmake_args': None, 'build_base': '/root/ros2_ws/src/ROMI-ROS2/build/romi_base', 'catkin_cmake_args': None, 'catkin_skip_building_tests': False, 'cmake_args': None, 'cmake_clean_cache': False, 'cmake_clean_first': False, 'cmake_force_configure': False, 'cmake_target': None, 'cmake_target_skip_unavailable': False, 'install_base': '/root/ros2_ws/src/ROMI-ROS2/install/romi_base', 'merge_install': False, 'path': '/root/ros2_ws/src/ROMI-ROS2/romi_base', 'symlink_install': False, 'test_result_base': None}
[0.146s] INFO:colcon.colcon_core.executor:Executing jobs using 'parallel' executor
[0.147s] DEBUG:colcon.colcon_parallel_executor.executor.parallel:run_until_complete
[0.147s] INFO:colcon.colcon_ros.task.ament_python.build:Building ROS package in '/root/ros2_ws/src/ROMI-ROS2/romi_base' with build type 'ament_python'
[0.147s] Level 1:colcon.colcon_core.shell:create_environment_hook('romi_base', 'ament_prefix_path')
[0.148s] INFO:colcon.colcon_core.plugin_system:Skipping extension 'colcon_core.shell.bat': Not used on non-Windows systems
[0.148s] INFO:colcon.colcon_core.shell:Creating environment hook '/root/ros2_ws/src/ROMI-ROS2/install/romi_base/share/romi_base/hook/ament_prefix_path.ps1'
[0.149s] INFO:colcon.colcon_core.shell:Creating environment descriptor '/root/ros2_ws/src/ROMI-ROS2/install/romi_base/share/romi_base/hook/ament_prefix_path.dsv'
[0.149s] INFO:colcon.colcon_core.shell:Creating environment hook '/root/ros2_ws/src/ROMI-ROS2/install/romi_base/share/romi_base/hook/ament_prefix_path.sh'
[0.149s] INFO:colcon.colcon_core.shell:Skip shell extension 'powershell' for command environment: Not usable outside of PowerShell
[0.149s] DEBUG:colcon.colcon_core.shell:Skip shell extension 'dsv' for command environment
[0.278s] INFO:colcon.colcon_core.task.python.build:Building Python package in '/root/ros2_ws/src/ROMI-ROS2/romi_base'
[0.278s] INFO:colcon.colcon_core.shell:Skip shell extension 'powershell' for command environment: Not usable outside of PowerShell
[0.278s] DEBUG:colcon.colcon_core.shell:Skip shell extension 'dsv' for command environment
[0.444s] DEBUG:colcon.colcon_core.event_handler.log_command:Invoking command in '/root/ros2_ws/src/ROMI-ROS2/romi_base': PYTHONPATH=/root/ros2_ws/src/ROMI-ROS2/build/romi_base/prefix_override:/usr/lib/python3/dist-packages/colcon_core/task/python/colcon_distutils_commands:/root/ros2_ws/src/ROMI-ROS2/install/romi_base/lib/python3.10/site-packages:${PYTHONPATH} /usr/bin/python3 -W ignore:setup.py install is deprecated -W ignore:easy_install command is deprecated setup.py egg_info --egg-base ../build/romi_base build --build-base /root/ros2_ws/src/ROMI-ROS2/build/romi_base/build install --record /root/ros2_ws/src/ROMI-ROS2/build/romi_base/install.log --single-version-externally-managed install_data
[0.581s] DEBUG:colcon.colcon_core.event_handler.log_command:Invoked command in '/root/ros2_ws/src/ROMI-ROS2/romi_base' returned '0': PYTHONPATH=/root/ros2_ws/src/ROMI-ROS2/build/romi_base/prefix_override:/usr/lib/python3/dist-packages/colcon_core/task/python/colcon_distutils_commands:/root/ros2_ws/src/ROMI-ROS2/install/romi_base/lib/python3.10/site-packages:${PYTHONPATH} /usr/bin/python3 -W ignore:setup.py install is deprecated -W ignore:easy_install command is deprecated setup.py egg_info --egg-base ../build/romi_base build --build-base /root/ros2_ws/src/ROMI-ROS2/build/romi_base/build install --record /root/ros2_ws/src/ROMI-ROS2/build/romi_base/install.log --single-version-externally-managed install_data
[0.582s] Level 1:colcon.colcon_core.environment:checking '/root/ros2_ws/src/ROMI-ROS2/install/romi_base' for CMake module files
[0.582s] Level 1:colcon.colcon_core.environment:checking '/root/ros2_ws/src/ROMI-ROS2/install/romi_base' for CMake config files
[0.583s] Level 1:colcon.colcon_core.environment:checking '/root/ros2_ws/src/ROMI-ROS2/install/romi_base/lib'
[0.583s] Level 1:colcon.colcon_core.environment:checking '/root/ros2_ws/src/ROMI-ROS2/install/romi_base/bin'
[0.583s] Level 1:colcon.colcon_core.environment:checking '/root/ros2_ws/src/ROMI-ROS2/install/romi_base/lib/pkgconfig/romi_base.pc'
[0.583s] Level 1:colcon.colcon_core.environment:checking '/root/ros2_ws/src/ROMI-ROS2/install/romi_base/lib/python3.10/site-packages'
[0.583s] Level 1:colcon.colcon_core.shell:create_environment_hook('romi_base', 'pythonpath')
[0.583s] INFO:colcon.colcon_core.shell:Creating environment hook '/root/ros2_ws/src/ROMI-ROS2/install/romi_base/share/romi_base/hook/pythonpath.ps1'
[0.583s] INFO:colcon.colcon_core.shell:Creating environment descriptor '/root/ros2_ws/src/ROMI-ROS2/install/romi_base/share/romi_base/hook/pythonpath.dsv'
[0.583s] INFO:colcon.colcon_core.shell:Creating environment hook '/root/ros2_ws/src/ROMI-ROS2/install/romi_base/share/romi_base/hook/pythonpath.sh'
[0.584s] Level 1:colcon.colcon_core.environment:checking '/root/ros2_ws/src/ROMI-ROS2/install/romi_base/bin'
[0.584s] Level 1:colcon.colcon_core.environment:create_environment_scripts_only(romi_base)
[0.584s] INFO:colcon.colcon_core.shell:Creating package script '/root/ros2_ws/src/ROMI-ROS2/install/romi_base/share/romi_base/package.ps1'
[0.584s] INFO:colcon.colcon_core.shell:Creating package descriptor '/root/ros2_ws/src/ROMI-ROS2/install/romi_base/share/romi_base/package.dsv'
[0.585s] INFO:colcon.colcon_core.shell:Creating package script '/root/ros2_ws/src/ROMI-ROS2/install/romi_base/share/romi_base/package.sh'
[0.585s] INFO:colcon.colcon_core.shell:Creating package script '/root/ros2_ws/src/ROMI-ROS2/install/romi_base/share/romi_base/package.bash'
[0.585s] INFO:colcon.colcon_core.shell:Creating package script '/root/ros2_ws/src/ROMI-ROS2/install/romi_base/share/romi_base/package.zsh'
[0.585s] Level 1:colcon.colcon_core.environment:create_file_with_runtime_dependencies(/root/ros2_ws/src/ROMI-ROS2/install/romi_base/share/colcon-core/packages/romi_base)
[0.585s] DEBUG:colcon.colcon_parallel_executor.executor.parallel:closing loop
[0.586s] DEBUG:colcon.colcon_parallel_executor.executor.parallel:loop closed
[0.586s] DEBUG:colcon.colcon_parallel_executor.executor.parallel:run_until_complete finished with '0'
[0.586s] DEBUG:colcon.colcon_core.event_reactor:joining thread
[0.592s] INFO:colcon.colcon_core.plugin_system:Skipping extension 'colcon_notification.desktop_notification.notify_send': Could not find 'notify-send'
[0.592s] INFO:colcon.colcon_core.plugin_system:Skipping extension 'colcon_notification.desktop_notification.terminal_notifier': Not used on non-Darwin systems
[0.592s] INFO:colcon.colcon_core.plugin_system:Skipping extension 'colcon_notification.desktop_notification.win32': Not used on non-Windows systems
[0.592s] INFO:colcon.colcon_notification.desktop_notification:Sending desktop notification using 'notify2'
[0.594s] DEBUG:colcon.colcon_notification.desktop_notification.notify2:Failed to initialize notify2: org.freedesktop.DBus.Error.Spawn.ExecFailed: /usr/bin/dbus-launch terminated abnormally without any error message
[0.594s] DEBUG:colcon.colcon_core.event_reactor:joined thread
[0.594s] INFO:colcon.colcon_core.shell:Creating prefix script '/root/ros2_ws/src/ROMI-ROS2/install/local_setup.ps1'
[0.595s] INFO:colcon.colcon_core.shell:Creating prefix util module '/root/ros2_ws/src/ROMI-ROS2/install/_local_setup_util_ps1.py'
[0.613s] INFO:colcon.colcon_core.shell:Creating prefix chain script '/root/ros2_ws/src/ROMI-ROS2/install/setup.ps1'
[0.614s] INFO:colcon.colcon_core.shell:Creating prefix script '/root/ros2_ws/src/ROMI-ROS2/install/local_setup.sh'
[0.614s] INFO:colcon.colcon_core.shell:Creating prefix util module '/root/ros2_ws/src/ROMI-ROS2/install/_local_setup_util_sh.py'
[0.614s] INFO:colcon.colcon_core.shell:Creating prefix chain script '/root/ros2_ws/src/ROMI-ROS2/install/setup.sh'
[0.615s] INFO:colcon.colcon_core.shell:Creating prefix script '/root/ros2_ws/src/ROMI-ROS2/install/local_setup.bash'
[0.615s] INFO:colcon.colcon_core.shell:Creating prefix chain script '/root/ros2_ws/src/ROMI-ROS2/install/setup.bash'
[0.616s] INFO:colcon.colcon_core.shell:Creating prefix script '/root/ros2_ws/src/ROMI-ROS2/install/local_setup.zsh'
[0.616s] INFO:colcon.colcon_core.shell:Creating prefix chain script '/root/ros2_ws/src/ROMI-ROS2/install/setup.zsh'
