[0.368s] Invoking command in '/root/ros2_ws/src/ROMI-ROS2/romi_base': PYTHONPATH=/root/ros2_ws/src/ROMI-ROS2/build/romi_base/prefix_override:/usr/lib/python3/dist-packages/colcon_core/task/python/colcon_distutils_commands:/root/ros2_ws/src/ROMI-ROS2/install/romi_base/lib/python3.10/site-packages:${PYTHONPATH} /usr/bin/python3 -W ignore:setup.py install is deprecated -W ignore:easy_install command is deprecated setup.py egg_info --egg-base ../build/romi_base build --build-base /root/ros2_ws/src/ROMI-ROS2/build/romi_base/build install --record /root/ros2_ws/src/ROMI-ROS2/build/romi_base/install.log --single-version-externally-managed install_data
[0.497s] running egg_info
[0.498s] writing ../build/romi_base/romi_base.egg-info/PKG-INFO
[0.498s] writing dependency_links to ../build/romi_base/romi_base.egg-info/dependency_links.txt
[0.498s] writing entry points to ../build/romi_base/romi_base.egg-info/entry_points.txt
[0.498s] writing requirements to ../build/romi_base/romi_base.egg-info/requires.txt
[0.498s] writing top-level names to ../build/romi_base/romi_base.egg-info/top_level.txt
[0.500s] reading manifest file '../build/romi_base/romi_base.egg-info/SOURCES.txt'
[0.500s] adding license file 'LICENSE'
[0.501s] writing manifest file '../build/romi_base/romi_base.egg-info/SOURCES.txt'
[0.501s] running build
[0.501s] running build_py
[0.501s] running install
[0.502s] running install_lib
[0.503s] running install_data
[0.503s] copying launch/romi_robot.launch.py -> /root/ros2_ws/src/ROMI-ROS2/install/romi_base/share/romi_base/launch
[0.503s] copying launch/romi_gz.launch.py -> /root/ros2_ws/src/ROMI-ROS2/install/romi_base/share/romi_base/launch
[0.503s] copying description/urdf/romi_lidar.xacro -> /root/ros2_ws/src/ROMI-ROS2/install/romi_base/share/romi_base/description/urdf
[0.503s] copying description/urdf/romi.urdf.xacro -> /root/ros2_ws/src/ROMI-ROS2/install/romi_base/share/romi_base/description/urdf
[0.503s] running install_egg_info
[0.505s] removing '/root/ros2_ws/src/ROMI-ROS2/install/romi_base/lib/python3.10/site-packages/romi_base-0.0.0-py3.10.egg-info' (and everything under it)
[0.505s] Copying ../build/romi_base/romi_base.egg-info to /root/ros2_ws/src/ROMI-ROS2/install/romi_base/lib/python3.10/site-packages/romi_base-0.0.0-py3.10.egg-info
[0.506s] running install_scripts
[0.524s] Installing astar_bridge script to /root/ros2_ws/src/ROMI-ROS2/install/romi_base/lib/romi_base
[0.525s] Installing base_controller script to /root/ros2_ws/src/ROMI-ROS2/install/romi_base/lib/romi_base
[0.525s] Installing obstacle_avoidance script to /root/ros2_ws/src/ROMI-ROS2/install/romi_base/lib/romi_base
[0.525s] writing list of installed files to '/root/ros2_ws/src/ROMI-ROS2/build/romi_base/install.log'
[0.555s] Invoked command in '/root/ros2_ws/src/ROMI-ROS2/romi_base' returned '0': PYTHONPATH=/root/ros2_ws/src/ROMI-ROS2/build/romi_base/prefix_override:/usr/lib/python3/dist-packages/colcon_core/task/python/colcon_distutils_commands:/root/ros2_ws/src/ROMI-ROS2/install/romi_base/lib/python3.10/site-packages:${PYTHONPATH} /usr/bin/python3 -W ignore:setup.py install is deprecated -W ignore:easy_install command is deprecated setup.py egg_info --egg-base ../build/romi_base build --build-base /root/ros2_ws/src/ROMI-ROS2/build/romi_base/build install --record /root/ros2_ws/src/ROMI-ROS2/build/romi_base/install.log --single-version-externally-managed install_data
