[0.073s] DEBUG:colcon:Command line arguments: ['/usr/bin/colcon', 'list']
[0.073s] DEBUG:colcon:Parsed command line arguments: Namespace(log_base=None, log_level=None, verb_name='list', build_base='build', ignore_user_meta=False, metas=['./colcon.meta'], base_paths=['.'], packages_ignore=None, packages_ignore_regex=None, paths=None, packages_up_to=None, packages_up_to_regex=None, packages_above=None, packages_above_and_dependencies=None, packages_above_depth=None, packages_select_by_dep=None, packages_skip_by_dep=None, packages_skip_up_to=None, packages_select_build_failed=False, packages_skip_build_finished=False, packages_select_test_failures=False, packages_skip_test_passed=False, packages_select=None, packages_skip=None, packages_select_regex=None, packages_skip_regex=None, packages_start=None, packages_end=None, topological_order=False, names_only=False, paths_only=False, topological_graph=False, topological_graph_dot=False, topological_graph_density=False, topological_graph_legend=False, topological_graph_dot_cluster=False, topological_graph_dot_include_skipped=False, mixin_files=None, mixin=None, verb_parser=<colcon_mixin.mixin.mixin_argument.MixinArgumentDecorator object at 0x7bee5b6f41f0>, verb_extension=<colcon_package_information.verb.list.ListVerb object at 0x7bee5b804a60>, main=<bound method ListVerb.main of <colcon_package_information.verb.list.ListVerb object at 0x7bee5b804a60>>, mixin_verb=('list',))
[0.156s] Level 1:colcon.colcon_core.package_discovery:discover_packages(colcon_meta) check parameters
[0.156s] INFO:colcon.colcon_metadata.package_discovery.colcon_meta:Using configuration from '/root/.colcon/metadata/default/Gazebo.meta'
[0.157s] INFO:colcon.colcon_metadata.package_discovery.colcon_meta:Using configuration from '/root/.colcon/metadata/default/fastdds.meta'
[0.157s] INFO:colcon.colcon_metadata.package_discovery.colcon_meta:Using configuration from '/root/.colcon/metadata/default/fastrtps.meta'
[0.157s] Level 1:colcon.colcon_core.package_discovery:discover_packages(recursive) check parameters
[0.157s] Level 1:colcon.colcon_core.package_discovery:discover_packages(ignore) check parameters
[0.157s] Level 1:colcon.colcon_core.package_discovery:discover_packages(path) check parameters
[0.157s] Level 1:colcon.colcon_core.package_discovery:discover_packages(colcon_meta) discover
[0.157s] Level 1:colcon.colcon_core.package_discovery:discover_packages(recursive) discover
[0.157s] INFO:colcon.colcon_core.package_discovery:Crawling recursively for packages in '/root/ros2_ws/src/ROMI-ROS2'
[0.157s] Level 1:colcon.colcon_core.package_identification:_identify(.) by extensions ['ignore', 'ignore_ament_install']
[0.157s] Level 1:colcon.colcon_core.package_identification:_identify(.) by extension 'ignore'
[0.157s] Level 1:colcon.colcon_core.package_identification:_identify(.) by extension 'ignore_ament_install'
[0.157s] Level 1:colcon.colcon_core.package_identification:_identify(.) by extensions ['colcon_pkg']
[0.157s] Level 1:colcon.colcon_core.package_identification:_identify(.) by extension 'colcon_pkg'
[0.157s] Level 1:colcon.colcon_core.package_identification:_identify(.) by extensions ['colcon_meta']
[0.157s] Level 1:colcon.colcon_core.package_identification:_identify(.) by extension 'colcon_meta'
[0.157s] Level 1:colcon.colcon_core.package_identification:_identify(.) by extensions ['ros']
[0.157s] Level 1:colcon.colcon_core.package_identification:_identify(.) by extension 'ros'
[0.164s] Level 1:colcon.colcon_core.package_identification:_identify(.) by extensions ['cmake', 'python']
[0.164s] Level 1:colcon.colcon_core.package_identification:_identify(.) by extension 'cmake'
[0.164s] Level 1:colcon.colcon_core.package_identification:_identify(.) by extension 'python'
[0.164s] Level 1:colcon.colcon_core.package_identification:_identify(.) by extensions ['python_setup_py']
[0.164s] Level 1:colcon.colcon_core.package_identification:_identify(.) by extension 'python_setup_py'
[0.164s] Level 1:colcon.colcon_core.package_identification:_identify(build) by extensions ['ignore', 'ignore_ament_install']
[0.164s] Level 1:colcon.colcon_core.package_identification:_identify(build) by extension 'ignore'
[0.164s] Level 1:colcon.colcon_core.package_identification:_identify(build) ignored
[0.165s] Level 1:colcon.colcon_core.package_identification:_identify(install) by extensions ['ignore', 'ignore_ament_install']
[0.165s] Level 1:colcon.colcon_core.package_identification:_identify(install) by extension 'ignore'
[0.165s] Level 1:colcon.colcon_core.package_identification:_identify(install) ignored
[0.165s] Level 1:colcon.colcon_core.package_identification:_identify(lab_assets) by extensions ['ignore', 'ignore_ament_install']
[0.165s] Level 1:colcon.colcon_core.package_identification:_identify(lab_assets) by extension 'ignore'
[0.165s] Level 1:colcon.colcon_core.package_identification:_identify(lab_assets) by extension 'ignore_ament_install'
[0.165s] Level 1:colcon.colcon_core.package_identification:_identify(lab_assets) by extensions ['colcon_pkg']
[0.165s] Level 1:colcon.colcon_core.package_identification:_identify(lab_assets) by extension 'colcon_pkg'
[0.165s] Level 1:colcon.colcon_core.package_identification:_identify(lab_assets) by extensions ['colcon_meta']
[0.165s] Level 1:colcon.colcon_core.package_identification:_identify(lab_assets) by extension 'colcon_meta'
[0.165s] Level 1:colcon.colcon_core.package_identification:_identify(lab_assets) by extensions ['ros']
[0.165s] Level 1:colcon.colcon_core.package_identification:_identify(lab_assets) by extension 'ros'
[0.165s] Level 1:colcon.colcon_core.package_identification:_identify(lab_assets) by extensions ['cmake', 'python']
[0.165s] Level 1:colcon.colcon_core.package_identification:_identify(lab_assets) by extension 'cmake'
[0.165s] Level 1:colcon.colcon_core.package_identification:_identify(lab_assets) by extension 'python'
[0.165s] Level 1:colcon.colcon_core.package_identification:_identify(lab_assets) by extensions ['python_setup_py']
[0.165s] Level 1:colcon.colcon_core.package_identification:_identify(lab_assets) by extension 'python_setup_py'
[0.165s] Level 1:colcon.colcon_core.package_identification:_identify(lab_assets/arduino) by extensions ['ignore', 'ignore_ament_install']
[0.165s] Level 1:colcon.colcon_core.package_identification:_identify(lab_assets/arduino) by extension 'ignore'
[0.165s] Level 1:colcon.colcon_core.package_identification:_identify(lab_assets/arduino) by extension 'ignore_ament_install'
[0.165s] Level 1:colcon.colcon_core.package_identification:_identify(lab_assets/arduino) by extensions ['colcon_pkg']
[0.165s] Level 1:colcon.colcon_core.package_identification:_identify(lab_assets/arduino) by extension 'colcon_pkg'
[0.165s] Level 1:colcon.colcon_core.package_identification:_identify(lab_assets/arduino) by extensions ['colcon_meta']
[0.165s] Level 1:colcon.colcon_core.package_identification:_identify(lab_assets/arduino) by extension 'colcon_meta'
[0.165s] Level 1:colcon.colcon_core.package_identification:_identify(lab_assets/arduino) by extensions ['ros']
[0.165s] Level 1:colcon.colcon_core.package_identification:_identify(lab_assets/arduino) by extension 'ros'
[0.165s] Level 1:colcon.colcon_core.package_identification:_identify(lab_assets/arduino) by extensions ['cmake', 'python']
[0.165s] Level 1:colcon.colcon_core.package_identification:_identify(lab_assets/arduino) by extension 'cmake'
[0.165s] Level 1:colcon.colcon_core.package_identification:_identify(lab_assets/arduino) by extension 'python'
[0.165s] Level 1:colcon.colcon_core.package_identification:_identify(lab_assets/arduino) by extensions ['python_setup_py']
[0.165s] Level 1:colcon.colcon_core.package_identification:_identify(lab_assets/arduino) by extension 'python_setup_py'
[0.165s] Level 1:colcon.colcon_core.package_identification:_identify(lab_assets/arduino/RomiRPiSlaveDemo) by extensions ['ignore', 'ignore_ament_install']
[0.165s] Level 1:colcon.colcon_core.package_identification:_identify(lab_assets/arduino/RomiRPiSlaveDemo) by extension 'ignore'
[0.165s] Level 1:colcon.colcon_core.package_identification:_identify(lab_assets/arduino/RomiRPiSlaveDemo) by extension 'ignore_ament_install'
[0.165s] Level 1:colcon.colcon_core.package_identification:_identify(lab_assets/arduino/RomiRPiSlaveDemo) by extensions ['colcon_pkg']
[0.165s] Level 1:colcon.colcon_core.package_identification:_identify(lab_assets/arduino/RomiRPiSlaveDemo) by extension 'colcon_pkg'
[0.165s] Level 1:colcon.colcon_core.package_identification:_identify(lab_assets/arduino/RomiRPiSlaveDemo) by extensions ['colcon_meta']
[0.165s] Level 1:colcon.colcon_core.package_identification:_identify(lab_assets/arduino/RomiRPiSlaveDemo) by extension 'colcon_meta'
[0.165s] Level 1:colcon.colcon_core.package_identification:_identify(lab_assets/arduino/RomiRPiSlaveDemo) by extensions ['ros']
[0.165s] Level 1:colcon.colcon_core.package_identification:_identify(lab_assets/arduino/RomiRPiSlaveDemo) by extension 'ros'
[0.166s] Level 1:colcon.colcon_core.package_identification:_identify(lab_assets/arduino/RomiRPiSlaveDemo) by extensions ['cmake', 'python']
[0.166s] Level 1:colcon.colcon_core.package_identification:_identify(lab_assets/arduino/RomiRPiSlaveDemo) by extension 'cmake'
[0.166s] Level 1:colcon.colcon_core.package_identification:_identify(lab_assets/arduino/RomiRPiSlaveDemo) by extension 'python'
[0.166s] Level 1:colcon.colcon_core.package_identification:_identify(lab_assets/arduino/RomiRPiSlaveDemo) by extensions ['python_setup_py']
[0.166s] Level 1:colcon.colcon_core.package_identification:_identify(lab_assets/arduino/RomiRPiSlaveDemo) by extension 'python_setup_py'
[0.166s] Level 1:colcon.colcon_core.package_identification:_identify(lab_assets/pi_image) by extensions ['ignore', 'ignore_ament_install']
[0.166s] Level 1:colcon.colcon_core.package_identification:_identify(lab_assets/pi_image) by extension 'ignore'
[0.166s] Level 1:colcon.colcon_core.package_identification:_identify(lab_assets/pi_image) by extension 'ignore_ament_install'
[0.166s] Level 1:colcon.colcon_core.package_identification:_identify(lab_assets/pi_image) by extensions ['colcon_pkg']
[0.166s] Level 1:colcon.colcon_core.package_identification:_identify(lab_assets/pi_image) by extension 'colcon_pkg'
[0.166s] Level 1:colcon.colcon_core.package_identification:_identify(lab_assets/pi_image) by extensions ['colcon_meta']
[0.166s] Level 1:colcon.colcon_core.package_identification:_identify(lab_assets/pi_image) by extension 'colcon_meta'
[0.166s] Level 1:colcon.colcon_core.package_identification:_identify(lab_assets/pi_image) by extensions ['ros']
[0.166s] Level 1:colcon.colcon_core.package_identification:_identify(lab_assets/pi_image) by extension 'ros'
[0.166s] Level 1:colcon.colcon_core.package_identification:_identify(lab_assets/pi_image) by extensions ['cmake', 'python']
[0.166s] Level 1:colcon.colcon_core.package_identification:_identify(lab_assets/pi_image) by extension 'cmake'
[0.166s] Level 1:colcon.colcon_core.package_identification:_identify(lab_assets/pi_image) by extension 'python'
[0.166s] Level 1:colcon.colcon_core.package_identification:_identify(lab_assets/pi_image) by extensions ['python_setup_py']
[0.166s] Level 1:colcon.colcon_core.package_identification:_identify(lab_assets/pi_image) by extension 'python_setup_py'
[0.166s] Level 1:colcon.colcon_core.package_identification:_identify(log) by extensions ['ignore', 'ignore_ament_install']
[0.166s] Level 1:colcon.colcon_core.package_identification:_identify(log) by extension 'ignore'
[0.166s] Level 1:colcon.colcon_core.package_identification:_identify(log) ignored
[0.166s] Level 1:colcon.colcon_core.package_identification:_identify(romi_base) by extensions ['ignore', 'ignore_ament_install']
[0.166s] Level 1:colcon.colcon_core.package_identification:_identify(romi_base) by extension 'ignore'
[0.166s] Level 1:colcon.colcon_core.package_identification:_identify(romi_base) by extension 'ignore_ament_install'
[0.166s] Level 1:colcon.colcon_core.package_identification:_identify(romi_base) by extensions ['colcon_pkg']
[0.166s] Level 1:colcon.colcon_core.package_identification:_identify(romi_base) by extension 'colcon_pkg'
[0.166s] Level 1:colcon.colcon_core.package_identification:_identify(romi_base) by extensions ['colcon_meta']
[0.166s] Level 1:colcon.colcon_core.package_identification:_identify(romi_base) by extension 'colcon_meta'
[0.166s] Level 1:colcon.colcon_core.package_identification:_identify(romi_base) by extensions ['ros']
[0.166s] Level 1:colcon.colcon_core.package_identification:_identify(romi_base) by extension 'ros'
[0.168s] DEBUG:colcon.colcon_core.package_identification:Package 'romi_base' with type 'ros.ament_python' and name 'romi_base'
[0.169s] Level 1:colcon.colcon_core.package_identification:_identify(rplidar_ros) by extensions ['ignore', 'ignore_ament_install']
[0.169s] Level 1:colcon.colcon_core.package_identification:_identify(rplidar_ros) by extension 'ignore'
[0.169s] Level 1:colcon.colcon_core.package_identification:_identify(rplidar_ros) by extension 'ignore_ament_install'
[0.169s] Level 1:colcon.colcon_core.package_identification:_identify(rplidar_ros) by extensions ['colcon_pkg']
[0.169s] Level 1:colcon.colcon_core.package_identification:_identify(rplidar_ros) by extension 'colcon_pkg'
[0.169s] Level 1:colcon.colcon_core.package_identification:_identify(rplidar_ros) by extensions ['colcon_meta']
[0.169s] Level 1:colcon.colcon_core.package_identification:_identify(rplidar_ros) by extension 'colcon_meta'
[0.169s] Level 1:colcon.colcon_core.package_identification:_identify(rplidar_ros) by extensions ['ros']
[0.169s] Level 1:colcon.colcon_core.package_identification:_identify(rplidar_ros) by extension 'ros'
[0.169s] DEBUG:colcon.colcon_core.package_identification:Package 'rplidar_ros' with type 'ros.ament_cmake' and name 'rplidar_ros'
[0.169s] Level 1:colcon.colcon_core.package_identification:_identify(scripts) by extensions ['ignore', 'ignore_ament_install']
[0.169s] Level 1:colcon.colcon_core.package_identification:_identify(scripts) by extension 'ignore'
[0.169s] Level 1:colcon.colcon_core.package_identification:_identify(scripts) by extension 'ignore_ament_install'
[0.169s] Level 1:colcon.colcon_core.package_identification:_identify(scripts) by extensions ['colcon_pkg']
[0.169s] Level 1:colcon.colcon_core.package_identification:_identify(scripts) by extension 'colcon_pkg'
[0.169s] Level 1:colcon.colcon_core.package_identification:_identify(scripts) by extensions ['colcon_meta']
[0.169s] Level 1:colcon.colcon_core.package_identification:_identify(scripts) by extension 'colcon_meta'
[0.169s] Level 1:colcon.colcon_core.package_identification:_identify(scripts) by extensions ['ros']
[0.169s] Level 1:colcon.colcon_core.package_identification:_identify(scripts) by extension 'ros'
[0.170s] Level 1:colcon.colcon_core.package_identification:_identify(scripts) by extensions ['cmake', 'python']
[0.170s] Level 1:colcon.colcon_core.package_identification:_identify(scripts) by extension 'cmake'
[0.170s] Level 1:colcon.colcon_core.package_identification:_identify(scripts) by extension 'python'
[0.170s] Level 1:colcon.colcon_core.package_identification:_identify(scripts) by extensions ['python_setup_py']
[0.170s] Level 1:colcon.colcon_core.package_identification:_identify(scripts) by extension 'python_setup_py'
[0.170s] Level 1:colcon.colcon_core.package_discovery:discover_packages(recursive) using defaults
[0.170s] Level 1:colcon.colcon_core.package_discovery:discover_packages(ignore) discover
[0.170s] Level 1:colcon.colcon_core.package_discovery:discover_packages(ignore) using defaults
[0.170s] Level 1:colcon.colcon_core.package_discovery:discover_packages(path) discover
[0.170s] Level 1:colcon.colcon_core.package_discovery:discover_packages(path) using defaults
