/root/ros2_ws/src/ROMI-ROS2/install/romi_base/lib/python3.10/site-packages/romi_base/obstacle_avoidance_node.py
/root/ros2_ws/src/ROMI-ROS2/install/romi_base/lib/python3.10/site-packages/romi_base/astar_interface.py
/root/ros2_ws/src/ROMI-ROS2/install/romi_base/lib/python3.10/site-packages/romi_base/__init__.py
/root/ros2_ws/src/ROMI-ROS2/install/romi_base/lib/python3.10/site-packages/romi_base/base_controller_node.py
/root/ros2_ws/src/ROMI-ROS2/install/romi_base/lib/python3.10/site-packages/romi_base/astar_bridge_node.py
/root/ros2_ws/src/ROMI-ROS2/install/romi_base/lib/python3.10/site-packages/romi_base/__pycache__/obstacle_avoidance_node.cpython-310.pyc
/root/ros2_ws/src/ROMI-ROS2/install/romi_base/lib/python3.10/site-packages/romi_base/__pycache__/astar_interface.cpython-310.pyc
/root/ros2_ws/src/ROMI-ROS2/install/romi_base/lib/python3.10/site-packages/romi_base/__pycache__/__init__.cpython-310.pyc
/root/ros2_ws/src/ROMI-ROS2/install/romi_base/lib/python3.10/site-packages/romi_base/__pycache__/base_controller_node.cpython-310.pyc
/root/ros2_ws/src/ROMI-ROS2/install/romi_base/lib/python3.10/site-packages/romi_base/__pycache__/astar_bridge_node.cpython-310.pyc
/root/ros2_ws/src/ROMI-ROS2/install/romi_base/share/ament_index/resource_index/packages/romi_base
/root/ros2_ws/src/ROMI-ROS2/install/romi_base/share/romi_base/package.xml
/root/ros2_ws/src/ROMI-ROS2/install/romi_base/share/romi_base/launch/romi_description.launch.py
/root/ros2_ws/src/ROMI-ROS2/install/romi_base/share/romi_base/launch/romi_robot.launch.py
/root/ros2_ws/src/ROMI-ROS2/install/romi_base/share/romi_base/launch/romi_gz.launch.py
/root/ros2_ws/src/ROMI-ROS2/install/romi_base/share/romi_base/launch/romi_rviz.launch.py
/root/ros2_ws/src/ROMI-ROS2/install/romi_base/share/romi_base/launch/romi_core.launch.py
/root/ros2_ws/src/ROMI-ROS2/install/romi_base/share/romi_base/config/romi_params.yaml
/root/ros2_ws/src/ROMI-ROS2/install/romi_base/share/romi_base/rviz/romi_base.rviz
/root/ros2_ws/src/ROMI-ROS2/install/romi_base/share/romi_base/worlds/romi_simple_gz.sdf
/root/ros2_ws/src/ROMI-ROS2/install/romi_base/share/romi_base/description/urdf/romi_lidar.xacro
/root/ros2_ws/src/ROMI-ROS2/install/romi_base/share/romi_base/description/urdf/romi_core.xacro
/root/ros2_ws/src/ROMI-ROS2/install/romi_base/share/romi_base/description/urdf/romi.urdf.xacro
/root/ros2_ws/src/ROMI-ROS2/install/romi_base/share/romi_base/description/urdf/inertial_macros.xacro
/root/ros2_ws/src/ROMI-ROS2/install/romi_base/share/romi_base/description/meshes/romi_chassis_low.stl
/root/ros2_ws/src/ROMI-ROS2/install/romi_base/share/romi_base/description/meshes/romi_chassis.stl
/root/ros2_ws/src/ROMI-ROS2/install/romi_base/share/romi_base/description/meshes/right_wheel2.stl
/root/ros2_ws/src/ROMI-ROS2/install/romi_base/share/romi_base/description/meshes/left_wheel2.stl
/root/ros2_ws/src/ROMI-ROS2/install/romi_base/share/romi_base/description/SOURCE.md
/root/ros2_ws/src/ROMI-ROS2/install/romi_base/lib/python3.10/site-packages/romi_base-0.0.0-py3.10.egg-info/zip-safe
/root/ros2_ws/src/ROMI-ROS2/install/romi_base/lib/python3.10/site-packages/romi_base-0.0.0-py3.10.egg-info/requires.txt
/root/ros2_ws/src/ROMI-ROS2/install/romi_base/lib/python3.10/site-packages/romi_base-0.0.0-py3.10.egg-info/SOURCES.txt
/root/ros2_ws/src/ROMI-ROS2/install/romi_base/lib/python3.10/site-packages/romi_base-0.0.0-py3.10.egg-info/PKG-INFO
/root/ros2_ws/src/ROMI-ROS2/install/romi_base/lib/python3.10/site-packages/romi_base-0.0.0-py3.10.egg-info/top_level.txt
/root/ros2_ws/src/ROMI-ROS2/install/romi_base/lib/python3.10/site-packages/romi_base-0.0.0-py3.10.egg-info/dependency_links.txt
/root/ros2_ws/src/ROMI-ROS2/install/romi_base/lib/python3.10/site-packages/romi_base-0.0.0-py3.10.egg-info/entry_points.txt
/root/ros2_ws/src/ROMI-ROS2/install/romi_base/lib/romi_base/astar_bridge
/root/ros2_ws/src/ROMI-ROS2/install/romi_base/lib/romi_base/base_controller
/root/ros2_ws/src/ROMI-ROS2/install/romi_base/lib/romi_base/obstacle_avoidance
