[0.296s] Invoking command in '/root/ros2_ws/src/ROMI-ROS2/romi_base': PYTHONPATH=/root/ros2_ws/src/ROMI-ROS2/build/romi_base/prefix_override:/usr/lib/python3/dist-packages/colcon_core/task/python/colcon_distutils_commands:/root/ros2_ws/src/ROMI-ROS2/install/romi_base/lib/python3.10/site-packages:${PYTHONPATH} /usr/bin/python3 -W ignore:setup.py install is deprecated -W ignore:easy_install command is deprecated setup.py egg_info --egg-base ../build/romi_base build --build-base /root/ros2_ws/src/ROMI-ROS2/build/romi_base/build install --record /root/ros2_ws/src/ROMI-ROS2/build/romi_base/install.log --single-version-externally-managed install_data
[0.393s] running egg_info
[0.393s] creating ../build/romi_base/romi_base.egg-info
[0.394s] writing ../build/romi_base/romi_base.egg-info/PKG-INFO
[0.394s] writing dependency_links to ../build/romi_base/romi_base.egg-info/dependency_links.txt
[0.394s] writing entry points to ../build/romi_base/romi_base.egg-info/entry_points.txt
[0.394s] writing requirements to ../build/romi_base/romi_base.egg-info/requires.txt
[0.394s] writing top-level names to ../build/romi_base/romi_base.egg-info/top_level.txt
[0.394s] writing manifest file '../build/romi_base/romi_base.egg-info/SOURCES.txt'
[0.395s] reading manifest file '../build/romi_base/romi_base.egg-info/SOURCES.txt'
[0.395s] adding license file 'LICENSE'
[0.395s] writing manifest file '../build/romi_base/romi_base.egg-info/SOURCES.txt'
[0.395s] running build
[0.395s] running build_py
[0.395s] creating /root/ros2_ws/src/ROMI-ROS2/build/romi_base/build
[0.395s] creating /root/ros2_ws/src/ROMI-ROS2/build/romi_base/build/lib
[0.395s] creating /root/ros2_ws/src/ROMI-ROS2/build/romi_base/build/lib/romi_base
[0.395s] copying romi_base/obstacle_avoidance_node.py -> /root/ros2_ws/src/ROMI-ROS2/build/romi_base/build/lib/romi_base
[0.395s] copying romi_base/astar_interface.py -> /root/ros2_ws/src/ROMI-ROS2/build/romi_base/build/lib/romi_base
[0.395s] copying romi_base/__init__.py -> /root/ros2_ws/src/ROMI-ROS2/build/romi_base/build/lib/romi_base
[0.395s] copying romi_base/base_controller_node.py -> /root/ros2_ws/src/ROMI-ROS2/build/romi_base/build/lib/romi_base
[0.395s] copying romi_base/astar_bridge_node.py -> /root/ros2_ws/src/ROMI-ROS2/build/romi_base/build/lib/romi_base
[0.396s] running install
[0.396s] running install_lib
[0.396s] creating /root/ros2_ws/src/ROMI-ROS2/install/romi_base/lib/python3.10/site-packages/romi_base
[0.396s] copying /root/ros2_ws/src/ROMI-ROS2/build/romi_base/build/lib/romi_base/obstacle_avoidance_node.py -> /root/ros2_ws/src/ROMI-ROS2/install/romi_base/lib/python3.10/site-packages/romi_base
[0.396s] copying /root/ros2_ws/src/ROMI-ROS2/build/romi_base/build/lib/romi_base/astar_interface.py -> /root/ros2_ws/src/ROMI-ROS2/install/romi_base/lib/python3.10/site-packages/romi_base
[0.396s] copying /root/ros2_ws/src/ROMI-ROS2/build/romi_base/build/lib/romi_base/__init__.py -> /root/ros2_ws/src/ROMI-ROS2/install/romi_base/lib/python3.10/site-packages/romi_base
[0.396s] copying /root/ros2_ws/src/ROMI-ROS2/build/romi_base/build/lib/romi_base/base_controller_node.py -> /root/ros2_ws/src/ROMI-ROS2/install/romi_base/lib/python3.10/site-packages/romi_base
[0.396s] copying /root/ros2_ws/src/ROMI-ROS2/build/romi_base/build/lib/romi_base/astar_bridge_node.py -> /root/ros2_ws/src/ROMI-ROS2/install/romi_base/lib/python3.10/site-packages/romi_base
[0.396s] byte-compiling /root/ros2_ws/src/ROMI-ROS2/install/romi_base/lib/python3.10/site-packages/romi_base/obstacle_avoidance_node.py to obstacle_avoidance_node.cpython-310.pyc
[0.397s] byte-compiling /root/ros2_ws/src/ROMI-ROS2/install/romi_base/lib/python3.10/site-packages/romi_base/astar_interface.py to astar_interface.cpython-310.pyc
[0.397s] byte-compiling /root/ros2_ws/src/ROMI-ROS2/install/romi_base/lib/python3.10/site-packages/romi_base/__init__.py to __init__.cpython-310.pyc
[0.397s] byte-compiling /root/ros2_ws/src/ROMI-ROS2/install/romi_base/lib/python3.10/site-packages/romi_base/base_controller_node.py to base_controller_node.cpython-310.pyc
[0.398s] byte-compiling /root/ros2_ws/src/ROMI-ROS2/install/romi_base/lib/python3.10/site-packages/romi_base/astar_bridge_node.py to astar_bridge_node.cpython-310.pyc
[0.398s] running install_data
[0.398s] creating /root/ros2_ws/src/ROMI-ROS2/install/romi_base/share/ament_index
[0.398s] creating /root/ros2_ws/src/ROMI-ROS2/install/romi_base/share/ament_index/resource_index
[0.398s] creating /root/ros2_ws/src/ROMI-ROS2/install/romi_base/share/ament_index/resource_index/packages
[0.398s] copying resource/romi_base -> /root/ros2_ws/src/ROMI-ROS2/install/romi_base/share/ament_index/resource_index/packages
[0.398s] copying package.xml -> /root/ros2_ws/src/ROMI-ROS2/install/romi_base/share/romi_base
[0.398s] creating /root/ros2_ws/src/ROMI-ROS2/install/romi_base/share/romi_base/launch
[0.398s] copying launch/romi_description.launch.py -> /root/ros2_ws/src/ROMI-ROS2/install/romi_base/share/romi_base/launch
[0.398s] copying launch/romi_robot.launch.py -> /root/ros2_ws/src/ROMI-ROS2/install/romi_base/share/romi_base/launch
[0.398s] copying launch/romi_gz.launch.py -> /root/ros2_ws/src/ROMI-ROS2/install/romi_base/share/romi_base/launch
[0.398s] copying launch/romi_rviz.launch.py -> /root/ros2_ws/src/ROMI-ROS2/install/romi_base/share/romi_base/launch
[0.398s] copying launch/romi_core.launch.py -> /root/ros2_ws/src/ROMI-ROS2/install/romi_base/share/romi_base/launch
[0.398s] creating /root/ros2_ws/src/ROMI-ROS2/install/romi_base/share/romi_base/config
[0.398s] copying config/romi_params.yaml -> /root/ros2_ws/src/ROMI-ROS2/install/romi_base/share/romi_base/config
[0.398s] creating /root/ros2_ws/src/ROMI-ROS2/install/romi_base/share/romi_base/rviz
[0.399s] copying rviz/romi_base.rviz -> /root/ros2_ws/src/ROMI-ROS2/install/romi_base/share/romi_base/rviz
[0.399s] creating /root/ros2_ws/src/ROMI-ROS2/install/romi_base/share/romi_base/worlds
[0.399s] copying worlds/romi_simple_gz.sdf -> /root/ros2_ws/src/ROMI-ROS2/install/romi_base/share/romi_base/worlds
[0.399s] creating /root/ros2_ws/src/ROMI-ROS2/install/romi_base/share/romi_base/description
[0.399s] creating /root/ros2_ws/src/ROMI-ROS2/install/romi_base/share/romi_base/description/urdf
[0.399s] copying description/urdf/romi_lidar.xacro -> /root/ros2_ws/src/ROMI-ROS2/install/romi_base/share/romi_base/description/urdf
[0.399s] copying description/urdf/romi_core.xacro -> /root/ros2_ws/src/ROMI-ROS2/install/romi_base/share/romi_base/description/urdf
[0.399s] copying description/urdf/romi.urdf.xacro -> /root/ros2_ws/src/ROMI-ROS2/install/romi_base/share/romi_base/description/urdf
[0.399s] copying description/urdf/inertial_macros.xacro -> /root/ros2_ws/src/ROMI-ROS2/install/romi_base/share/romi_base/description/urdf
[0.399s] creating /root/ros2_ws/src/ROMI-ROS2/install/romi_base/share/romi_base/description/meshes
[0.399s] copying description/meshes/romi_chassis_low.stl -> /root/ros2_ws/src/ROMI-ROS2/install/romi_base/share/romi_base/description/meshes
[0.400s] copying description/meshes/romi_chassis.stl -> /root/ros2_ws/src/ROMI-ROS2/install/romi_base/share/romi_base/description/meshes
[0.402s] copying description/meshes/right_wheel2.stl -> /root/ros2_ws/src/ROMI-ROS2/install/romi_base/share/romi_base/description/meshes
[0.402s] copying description/meshes/left_wheel2.stl -> /root/ros2_ws/src/ROMI-ROS2/install/romi_base/share/romi_base/description/meshes
[0.403s] copying description/SOURCE.md -> /root/ros2_ws/src/ROMI-ROS2/install/romi_base/share/romi_base/description
[0.403s] running install_egg_info
[0.404s] Copying ../build/romi_base/romi_base.egg-info to /root/ros2_ws/src/ROMI-ROS2/install/romi_base/lib/python3.10/site-packages/romi_base-0.0.0-py3.10.egg-info
[0.404s] running install_scripts
[0.416s] Installing astar_bridge script to /root/ros2_ws/src/ROMI-ROS2/install/romi_base/lib/romi_base
[0.416s] Installing base_controller script to /root/ros2_ws/src/ROMI-ROS2/install/romi_base/lib/romi_base
[0.416s] Installing obstacle_avoidance script to /root/ros2_ws/src/ROMI-ROS2/install/romi_base/lib/romi_base
[0.416s] writing list of installed files to '/root/ros2_ws/src/ROMI-ROS2/build/romi_base/install.log'
[0.433s] Invoked command in '/root/ros2_ws/src/ROMI-ROS2/romi_base' returned '0': PYTHONPATH=/root/ros2_ws/src/ROMI-ROS2/build/romi_base/prefix_override:/usr/lib/python3/dist-packages/colcon_core/task/python/colcon_distutils_commands:/root/ros2_ws/src/ROMI-ROS2/install/romi_base/lib/python3.10/site-packages:${PYTHONPATH} /usr/bin/python3 -W ignore:setup.py install is deprecated -W ignore:easy_install command is deprecated setup.py egg_info --egg-base ../build/romi_base build --build-base /root/ros2_ws/src/ROMI-ROS2/build/romi_base/build install --record /root/ros2_ws/src/ROMI-ROS2/build/romi_base/install.log --single-version-externally-managed install_data
