running egg_info
writing ../build/romi_base/romi_base.egg-info/PKG-INFO
writing dependency_links to ../build/romi_base/romi_base.egg-info/dependency_links.txt
writing entry points to ../build/romi_base/romi_base.egg-info/entry_points.txt
writing requirements to ../build/romi_base/romi_base.egg-info/requires.txt
writing top-level names to ../build/romi_base/romi_base.egg-info/top_level.txt
reading manifest file '../build/romi_base/romi_base.egg-info/SOURCES.txt'
adding license file 'LICENSE'
writing manifest file '../build/romi_base/romi_base.egg-info/SOURCES.txt'
running build
running build_py
copying romi_base/base_controller_node.py -> /root/ros2_ws/src/ROMI-ROS2/build/romi_base/build/lib/romi_base
copying romi_base/astar_bridge_node.py -> /root/ros2_ws/src/ROMI-ROS2/build/romi_base/build/lib/romi_base
running install
running install_lib
copying /root/ros2_ws/src/ROMI-ROS2/build/romi_base/build/lib/romi_base/base_controller_node.py -> /root/ros2_ws/src/ROMI-ROS2/install/romi_base/lib/python3.10/site-packages/romi_base
copying /root/ros2_ws/src/ROMI-ROS2/build/romi_base/build/lib/romi_base/astar_bridge_node.py -> /root/ros2_ws/src/ROMI-ROS2/install/romi_base/lib/python3.10/site-packages/romi_base
byte-compiling /root/ros2_ws/src/ROMI-ROS2/install/romi_base/lib/python3.10/site-packages/romi_base/base_controller_node.py to base_controller_node.cpython-310.pyc
byte-compiling /root/ros2_ws/src/ROMI-ROS2/install/romi_base/lib/python3.10/site-packages/romi_base/astar_bridge_node.py to astar_bridge_node.cpython-310.pyc
running install_data
copying launch/romi_description.launch.py -> /root/ros2_ws/src/ROMI-ROS2/install/romi_base/share/romi_base/launch
copying launch/romi_robot.launch.py -> /root/ros2_ws/src/ROMI-ROS2/install/romi_base/share/romi_base/launch
copying launch/romi_gz.launch.py -> /root/ros2_ws/src/ROMI-ROS2/install/romi_base/share/romi_base/launch
copying launch/romi_rviz_only.launch.py -> /root/ros2_ws/src/ROMI-ROS2/install/romi_base/share/romi_base/launch
copying launch/romi_rviz.launch.py -> /root/ros2_ws/src/ROMI-ROS2/install/romi_base/share/romi_base/launch
copying launch/romi_core.launch.py -> /root/ros2_ws/src/ROMI-ROS2/install/romi_base/share/romi_base/launch
copying config/romi_params.yaml -> /root/ros2_ws/src/ROMI-ROS2/install/romi_base/share/romi_base/config
copying worlds/romi_simple_gz.sdf -> /root/ros2_ws/src/ROMI-ROS2/install/romi_base/share/romi_base/worlds
copying description/urdf/romi_lidar.xacro -> /root/ros2_ws/src/ROMI-ROS2/install/romi_base/share/romi_base/description/urdf
copying description/urdf/romi_core.xacro -> /root/ros2_ws/src/ROMI-ROS2/install/romi_base/share/romi_base/description/urdf
running install_egg_info
removing '/root/ros2_ws/src/ROMI-ROS2/install/romi_base/lib/python3.10/site-packages/romi_base-0.0.0-py3.10.egg-info' (and everything under it)
Copying ../build/romi_base/romi_base.egg-info to /root/ros2_ws/src/ROMI-ROS2/install/romi_base/lib/python3.10/site-packages/romi_base-0.0.0-py3.10.egg-info
running install_scripts
Installing astar_bridge script to /root/ros2_ws/src/ROMI-ROS2/install/romi_base/lib/romi_base
Installing base_controller script to /root/ros2_ws/src/ROMI-ROS2/install/romi_base/lib/romi_base
Installing obstacle_avoidance script to /root/ros2_ws/src/ROMI-ROS2/install/romi_base/lib/romi_base
writing list of installed files to '/root/ros2_ws/src/ROMI-ROS2/build/romi_base/install.log'
