[0.304s] Invoking command in '/root/ros2_ws/src/ROMI-ROS2/romi_base': PYTHONPATH=/root/ros2_ws/src/ROMI-ROS2/build/romi_base/prefix_override:/usr/lib/python3/dist-packages/colcon_core/task/python/colcon_distutils_commands:/root/ros2_ws/src/ROMI-ROS2/install/romi_base/lib/python3.10/site-packages:${PYTHONPATH} /usr/bin/python3 -W ignore:setup.py install is deprecated -W ignore:easy_install command is deprecated setup.py egg_info --egg-base ../build/romi_base build --build-base /root/ros2_ws/src/ROMI-ROS2/build/romi_base/build install --record /root/ros2_ws/src/ROMI-ROS2/build/romi_base/install.log --single-version-externally-managed install_data
[0.425s] running egg_info
[0.425s] writing ../build/romi_base/romi_base.egg-info/PKG-INFO
[0.425s] writing dependency_links to ../build/romi_base/romi_base.egg-info/dependency_links.txt
[0.425s] writing entry points to ../build/romi_base/romi_base.egg-info/entry_points.txt
[0.426s] writing requirements to ../build/romi_base/romi_base.egg-info/requires.txt
[0.426s] writing top-level names to ../build/romi_base/romi_base.egg-info/top_level.txt
[0.427s] reading manifest file '../build/romi_base/romi_base.egg-info/SOURCES.txt'
[0.427s] adding license file 'LICENSE'
[0.427s] writing manifest file '../build/romi_base/romi_base.egg-info/SOURCES.txt'
[0.428s] running build
[0.428s] running build_py
[0.428s] copying romi_base/base_controller_node.py -> /root/ros2_ws/src/ROMI-ROS2/build/romi_base/build/lib/romi_base
[0.428s] copying romi_base/astar_bridge_node.py -> /root/ros2_ws/src/ROMI-ROS2/build/romi_base/build/lib/romi_base
[0.429s] running install
[0.429s] running install_lib
[0.429s] copying /root/ros2_ws/src/ROMI-ROS2/build/romi_base/build/lib/romi_base/base_controller_node.py -> /root/ros2_ws/src/ROMI-ROS2/install/romi_base/lib/python3.10/site-packages/romi_base
[0.429s] copying /root/ros2_ws/src/ROMI-ROS2/build/romi_base/build/lib/romi_base/astar_bridge_node.py -> /root/ros2_ws/src/ROMI-ROS2/install/romi_base/lib/python3.10/site-packages/romi_base
[0.429s] byte-compiling /root/ros2_ws/src/ROMI-ROS2/install/romi_base/lib/python3.10/site-packages/romi_base/base_controller_node.py to base_controller_node.cpython-310.pyc
[0.430s] byte-compiling /root/ros2_ws/src/ROMI-ROS2/install/romi_base/lib/python3.10/site-packages/romi_base/astar_bridge_node.py to astar_bridge_node.cpython-310.pyc
[0.431s] running install_data
[0.431s] copying launch/romi_description.launch.py -> /root/ros2_ws/src/ROMI-ROS2/install/romi_base/share/romi_base/launch
[0.431s] copying launch/romi_robot.launch.py -> /root/ros2_ws/src/ROMI-ROS2/install/romi_base/share/romi_base/launch
[0.432s] copying launch/romi_gz.launch.py -> /root/ros2_ws/src/ROMI-ROS2/install/romi_base/share/romi_base/launch
[0.432s] copying launch/romi_rviz_only.launch.py -> /root/ros2_ws/src/ROMI-ROS2/install/romi_base/share/romi_base/launch
[0.432s] copying launch/romi_rviz.launch.py -> /root/ros2_ws/src/ROMI-ROS2/install/romi_base/share/romi_base/launch
[0.432s] copying launch/romi_core.launch.py -> /root/ros2_ws/src/ROMI-ROS2/install/romi_base/share/romi_base/launch
[0.432s] copying config/romi_params.yaml -> /root/ros2_ws/src/ROMI-ROS2/install/romi_base/share/romi_base/config
[0.432s] copying worlds/romi_simple_gz.sdf -> /root/ros2_ws/src/ROMI-ROS2/install/romi_base/share/romi_base/worlds
[0.432s] copying description/urdf/romi_lidar.xacro -> /root/ros2_ws/src/ROMI-ROS2/install/romi_base/share/romi_base/description/urdf
[0.432s] copying description/urdf/romi_core.xacro -> /root/ros2_ws/src/ROMI-ROS2/install/romi_base/share/romi_base/description/urdf
[0.432s] running install_egg_info
[0.433s] removing '/root/ros2_ws/src/ROMI-ROS2/install/romi_base/lib/python3.10/site-packages/romi_base-0.0.0-py3.10.egg-info' (and everything under it)
[0.433s] Copying ../build/romi_base/romi_base.egg-info to /root/ros2_ws/src/ROMI-ROS2/install/romi_base/lib/python3.10/site-packages/romi_base-0.0.0-py3.10.egg-info
[0.434s] running install_scripts
[0.452s] Installing astar_bridge script to /root/ros2_ws/src/ROMI-ROS2/install/romi_base/lib/romi_base
[0.452s] Installing base_controller script to /root/ros2_ws/src/ROMI-ROS2/install/romi_base/lib/romi_base
[0.452s] Installing obstacle_avoidance script to /root/ros2_ws/src/ROMI-ROS2/install/romi_base/lib/romi_base
[0.452s] writing list of installed files to '/root/ros2_ws/src/ROMI-ROS2/build/romi_base/install.log'
[0.469s] Invoked command in '/root/ros2_ws/src/ROMI-ROS2/romi_base' returned '0': PYTHONPATH=/root/ros2_ws/src/ROMI-ROS2/build/romi_base/prefix_override:/usr/lib/python3/dist-packages/colcon_core/task/python/colcon_distutils_commands:/root/ros2_ws/src/ROMI-ROS2/install/romi_base/lib/python3.10/site-packages:${PYTHONPATH} /usr/bin/python3 -W ignore:setup.py install is deprecated -W ignore:easy_install command is deprecated setup.py egg_info --egg-base ../build/romi_base build --build-base /root/ros2_ws/src/ROMI-ROS2/build/romi_base/build install --record /root/ros2_ws/src/ROMI-ROS2/build/romi_base/install.log --single-version-externally-managed install_data
