[0.080s] DEBUG:colcon:Command line arguments: ['/usr/bin/colcon', 'build']
[0.080s] DEBUG:colcon:Parsed command line arguments: Namespace(log_base=None, log_level=None, verb_name='build', build_base='build', install_base='install', merge_install=False, symlink_install=False, test_result_base=None, continue_on_error=False, executor='parallel', parallel_workers=12, event_handlers=None, ignore_user_meta=False, metas=['./colcon.meta'], base_paths=['.'], packages_ignore=None, packages_ignore_regex=None, paths=None, packages_up_to=None, packages_up_to_regex=None, packages_above=None, packages_above_and_dependencies=None, packages_above_depth=None, packages_select_by_dep=None, packages_skip_by_dep=None, packages_skip_up_to=None, packages_select_build_failed=False, packages_skip_build_finished=False, packages_select_test_failures=False, packages_skip_test_passed=False, packages_select=None, packages_skip=None, packages_select_regex=None, packages_skip_regex=None, packages_start=None, packages_end=None, cmake_args=None, cmake_target=None, cmake_target_skip_unavailable=False, cmake_clean_cache=False, cmake_clean_first=False, cmake_force_configure=False, ament_cmake_args=None, catkin_cmake_args=None, catkin_skip_building_tests=False, mixin_files=None, mixin=None, verb_parser=<colcon_mixin.mixin.mixin_argument.MixinArgumentDecorator object at 0x711f693fb970>, verb_extension=<colcon_core.verb.build.BuildVerb object at 0x711f693fb2e0>, main=<bound method BuildVerb.main of <colcon_core.verb.build.BuildVerb object at 0x711f693fb2e0>>, mixin_verb=('build',))
[0.173s] Level 1:colcon.colcon_core.package_discovery:discover_packages(colcon_meta) check parameters
[0.174s] INFO:colcon.colcon_metadata.package_discovery.colcon_meta:Using configuration from '/root/.colcon/metadata/default/Gazebo.meta'
[0.175s] INFO:colcon.colcon_metadata.package_discovery.colcon_meta:Using configuration from '/root/.colcon/metadata/default/fastdds.meta'
[0.175s] INFO:colcon.colcon_metadata.package_discovery.colcon_meta:Using configuration from '/root/.colcon/metadata/default/fastrtps.meta'
[0.175s] Level 1:colcon.colcon_core.package_discovery:discover_packages(recursive) check parameters
[0.175s] Level 1:colcon.colcon_core.package_discovery:discover_packages(ignore) check parameters
[0.175s] Level 1:colcon.colcon_core.package_discovery:discover_packages(path) check parameters
[0.176s] Level 1:colcon.colcon_core.package_discovery:discover_packages(colcon_meta) discover
[0.176s] Level 1:colcon.colcon_core.package_discovery:discover_packages(recursive) discover
[0.176s] INFO:colcon.colcon_core.package_discovery:Crawling recursively for packages in '/root/ros2_ws/src/ROMI-ROS2'
[0.176s] Level 1:colcon.colcon_core.package_identification:_identify(.) by extensions ['ignore', 'ignore_ament_install']
[0.176s] Level 1:colcon.colcon_core.package_identification:_identify(.) by extension 'ignore'
[0.176s] Level 1:colcon.colcon_core.package_identification:_identify(.) by extension 'ignore_ament_install'
[0.176s] Level 1:colcon.colcon_core.package_identification:_identify(.) by extensions ['colcon_pkg']
[0.176s] Level 1:colcon.colcon_core.package_identification:_identify(.) by extension 'colcon_pkg'
[0.176s] Level 1:colcon.colcon_core.package_identification:_identify(.) by extensions ['colcon_meta']
[0.176s] Level 1:colcon.colcon_core.package_identification:_identify(.) by extension 'colcon_meta'
[0.176s] Level 1:colcon.colcon_core.package_identification:_identify(.) by extensions ['ros']
[0.176s] Level 1:colcon.colcon_core.package_identification:_identify(.) by extension 'ros'
[0.184s] Level 1:colcon.colcon_core.package_identification:_identify(.) by extensions ['cmake', 'python']
[0.184s] Level 1:colcon.colcon_core.package_identification:_identify(.) by extension 'cmake'
[0.184s] Level 1:colcon.colcon_core.package_identification:_identify(.) by extension 'python'
[0.184s] Level 1:colcon.colcon_core.package_identification:_identify(.) by extensions ['python_setup_py']
[0.184s] Level 1:colcon.colcon_core.package_identification:_identify(.) by extension 'python_setup_py'
[0.184s] Level 1:colcon.colcon_core.package_identification:_identify(build) by extensions ['ignore', 'ignore_ament_install']
[0.184s] Level 1:colcon.colcon_core.package_identification:_identify(build) by extension 'ignore'
[0.184s] Level 1:colcon.colcon_core.package_identification:_identify(build) ignored
[0.184s] Level 1:colcon.colcon_core.package_identification:_identify(install) by extensions ['ignore', 'ignore_ament_install']
[0.184s] Level 1:colcon.colcon_core.package_identification:_identify(install) by extension 'ignore'
[0.184s] Level 1:colcon.colcon_core.package_identification:_identify(install) ignored
[0.184s] Level 1:colcon.colcon_core.package_identification:_identify(lab_assets) by extensions ['ignore', 'ignore_ament_install']
[0.184s] Level 1:colcon.colcon_core.package_identification:_identify(lab_assets) by extension 'ignore'
[0.184s] Level 1:colcon.colcon_core.package_identification:_identify(lab_assets) by extension 'ignore_ament_install'
[0.184s] Level 1:colcon.colcon_core.package_identification:_identify(lab_assets) by extensions ['colcon_pkg']
[0.184s] Level 1:colcon.colcon_core.package_identification:_identify(lab_assets) by extension 'colcon_pkg'
[0.184s] Level 1:colcon.colcon_core.package_identification:_identify(lab_assets) by extensions ['colcon_meta']
[0.184s] Level 1:colcon.colcon_core.package_identification:_identify(lab_assets) by extension 'colcon_meta'
[0.184s] Level 1:colcon.colcon_core.package_identification:_identify(lab_assets) by extensions ['ros']
[0.184s] Level 1:colcon.colcon_core.package_identification:_identify(lab_assets) by extension 'ros'
[0.184s] Level 1:colcon.colcon_core.package_identification:_identify(lab_assets) by extensions ['cmake', 'python']
[0.184s] Level 1:colcon.colcon_core.package_identification:_identify(lab_assets) by extension 'cmake'
[0.184s] Level 1:colcon.colcon_core.package_identification:_identify(lab_assets) by extension 'python'
[0.184s] Level 1:colcon.colcon_core.package_identification:_identify(lab_assets) by extensions ['python_setup_py']
[0.184s] Level 1:colcon.colcon_core.package_identification:_identify(lab_assets) by extension 'python_setup_py'
[0.184s] Level 1:colcon.colcon_core.package_identification:_identify(lab_assets/arduino) by extensions ['ignore', 'ignore_ament_install']
[0.184s] Level 1:colcon.colcon_core.package_identification:_identify(lab_assets/arduino) by extension 'ignore'
[0.184s] Level 1:colcon.colcon_core.package_identification:_identify(lab_assets/arduino) by extension 'ignore_ament_install'
[0.184s] Level 1:colcon.colcon_core.package_identification:_identify(lab_assets/arduino) by extensions ['colcon_pkg']
[0.184s] Level 1:colcon.colcon_core.package_identification:_identify(lab_assets/arduino) by extension 'colcon_pkg'
[0.184s] Level 1:colcon.colcon_core.package_identification:_identify(lab_assets/arduino) by extensions ['colcon_meta']
[0.184s] Level 1:colcon.colcon_core.package_identification:_identify(lab_assets/arduino) by extension 'colcon_meta'
[0.184s] Level 1:colcon.colcon_core.package_identification:_identify(lab_assets/arduino) by extensions ['ros']
[0.184s] Level 1:colcon.colcon_core.package_identification:_identify(lab_assets/arduino) by extension 'ros'
[0.184s] Level 1:colcon.colcon_core.package_identification:_identify(lab_assets/arduino) by extensions ['cmake', 'python']
[0.184s] Level 1:colcon.colcon_core.package_identification:_identify(lab_assets/arduino) by extension 'cmake'
[0.184s] Level 1:colcon.colcon_core.package_identification:_identify(lab_assets/arduino) by extension 'python'
[0.184s] Level 1:colcon.colcon_core.package_identification:_identify(lab_assets/arduino) by extensions ['python_setup_py']
[0.184s] Level 1:colcon.colcon_core.package_identification:_identify(lab_assets/arduino) by extension 'python_setup_py'
[0.184s] Level 1:colcon.colcon_core.package_identification:_identify(lab_assets/arduino/RomiRPiSlaveDemo) by extensions ['ignore', 'ignore_ament_install']
[0.184s] Level 1:colcon.colcon_core.package_identification:_identify(lab_assets/arduino/RomiRPiSlaveDemo) by extension 'ignore'
[0.184s] Level 1:colcon.colcon_core.package_identification:_identify(lab_assets/arduino/RomiRPiSlaveDemo) by extension 'ignore_ament_install'
[0.184s] Level 1:colcon.colcon_core.package_identification:_identify(lab_assets/arduino/RomiRPiSlaveDemo) by extensions ['colcon_pkg']
[0.184s] Level 1:colcon.colcon_core.package_identification:_identify(lab_assets/arduino/RomiRPiSlaveDemo) by extension 'colcon_pkg'
[0.184s] Level 1:colcon.colcon_core.package_identification:_identify(lab_assets/arduino/RomiRPiSlaveDemo) by extensions ['colcon_meta']
[0.184s] Level 1:colcon.colcon_core.package_identification:_identify(lab_assets/arduino/RomiRPiSlaveDemo) by extension 'colcon_meta'
[0.184s] Level 1:colcon.colcon_core.package_identification:_identify(lab_assets/arduino/RomiRPiSlaveDemo) by extensions ['ros']
[0.184s] Level 1:colcon.colcon_core.package_identification:_identify(lab_assets/arduino/RomiRPiSlaveDemo) by extension 'ros'
[0.185s] Level 1:colcon.colcon_core.package_identification:_identify(lab_assets/arduino/RomiRPiSlaveDemo) by extensions ['cmake', 'python']
[0.185s] Level 1:colcon.colcon_core.package_identification:_identify(lab_assets/arduino/RomiRPiSlaveDemo) by extension 'cmake'
[0.185s] Level 1:colcon.colcon_core.package_identification:_identify(lab_assets/arduino/RomiRPiSlaveDemo) by extension 'python'
[0.185s] Level 1:colcon.colcon_core.package_identification:_identify(lab_assets/arduino/RomiRPiSlaveDemo) by extensions ['python_setup_py']
[0.185s] Level 1:colcon.colcon_core.package_identification:_identify(lab_assets/arduino/RomiRPiSlaveDemo) by extension 'python_setup_py'
[0.185s] Level 1:colcon.colcon_core.package_identification:_identify(lab_assets/pi_image) by extensions ['ignore', 'ignore_ament_install']
[0.185s] Level 1:colcon.colcon_core.package_identification:_identify(lab_assets/pi_image) by extension 'ignore'
[0.185s] Level 1:colcon.colcon_core.package_identification:_identify(lab_assets/pi_image) by extension 'ignore_ament_install'
[0.185s] Level 1:colcon.colcon_core.package_identification:_identify(lab_assets/pi_image) by extensions ['colcon_pkg']
[0.185s] Level 1:colcon.colcon_core.package_identification:_identify(lab_assets/pi_image) by extension 'colcon_pkg'
[0.185s] Level 1:colcon.colcon_core.package_identification:_identify(lab_assets/pi_image) by extensions ['colcon_meta']
[0.185s] Level 1:colcon.colcon_core.package_identification:_identify(lab_assets/pi_image) by extension 'colcon_meta'
[0.185s] Level 1:colcon.colcon_core.package_identification:_identify(lab_assets/pi_image) by extensions ['ros']
[0.185s] Level 1:colcon.colcon_core.package_identification:_identify(lab_assets/pi_image) by extension 'ros'
[0.185s] Level 1:colcon.colcon_core.package_identification:_identify(lab_assets/pi_image) by extensions ['cmake', 'python']
[0.185s] Level 1:colcon.colcon_core.package_identification:_identify(lab_assets/pi_image) by extension 'cmake'
[0.185s] Level 1:colcon.colcon_core.package_identification:_identify(lab_assets/pi_image) by extension 'python'
[0.185s] Level 1:colcon.colcon_core.package_identification:_identify(lab_assets/pi_image) by extensions ['python_setup_py']
[0.185s] Level 1:colcon.colcon_core.package_identification:_identify(lab_assets/pi_image) by extension 'python_setup_py'
[0.185s] Level 1:colcon.colcon_core.package_identification:_identify(log) by extensions ['ignore', 'ignore_ament_install']
[0.185s] Level 1:colcon.colcon_core.package_identification:_identify(log) by extension 'ignore'
[0.185s] Level 1:colcon.colcon_core.package_identification:_identify(log) ignored
[0.185s] Level 1:colcon.colcon_core.package_identification:_identify(romi_base) by extensions ['ignore', 'ignore_ament_install']
[0.185s] Level 1:colcon.colcon_core.package_identification:_identify(romi_base) by extension 'ignore'
[0.185s] Level 1:colcon.colcon_core.package_identification:_identify(romi_base) by extension 'ignore_ament_install'
[0.185s] Level 1:colcon.colcon_core.package_identification:_identify(romi_base) by extensions ['colcon_pkg']
[0.185s] Level 1:colcon.colcon_core.package_identification:_identify(romi_base) by extension 'colcon_pkg'
[0.185s] Level 1:colcon.colcon_core.package_identification:_identify(romi_base) by extensions ['colcon_meta']
[0.185s] Level 1:colcon.colcon_core.package_identification:_identify(romi_base) by extension 'colcon_meta'
[0.185s] Level 1:colcon.colcon_core.package_identification:_identify(romi_base) by extensions ['ros']
[0.185s] Level 1:colcon.colcon_core.package_identification:_identify(romi_base) by extension 'ros'
[0.187s] DEBUG:colcon.colcon_core.package_identification:Package 'romi_base' with type 'ros.ament_python' and name 'romi_base'
[0.187s] Level 1:colcon.colcon_core.package_identification:_identify(rplidar_ros) by extensions ['ignore', 'ignore_ament_install']
[0.187s] Level 1:colcon.colcon_core.package_identification:_identify(rplidar_ros) by extension 'ignore'
[0.187s] Level 1:colcon.colcon_core.package_identification:_identify(rplidar_ros) by extension 'ignore_ament_install'
[0.187s] Level 1:colcon.colcon_core.package_identification:_identify(rplidar_ros) by extensions ['colcon_pkg']
[0.187s] Level 1:colcon.colcon_core.package_identification:_identify(rplidar_ros) by extension 'colcon_pkg'
[0.187s] Level 1:colcon.colcon_core.package_identification:_identify(rplidar_ros) by extensions ['colcon_meta']
[0.187s] Level 1:colcon.colcon_core.package_identification:_identify(rplidar_ros) by extension 'colcon_meta'
[0.187s] Level 1:colcon.colcon_core.package_identification:_identify(rplidar_ros) by extensions ['ros']
[0.187s] Level 1:colcon.colcon_core.package_identification:_identify(rplidar_ros) by extension 'ros'
[0.187s] DEBUG:colcon.colcon_core.package_identification:Package 'rplidar_ros' with type 'ros.ament_cmake' and name 'rplidar_ros'
[0.187s] Level 1:colcon.colcon_core.package_identification:_identify(scripts) by extensions ['ignore', 'ignore_ament_install']
[0.187s] Level 1:colcon.colcon_core.package_identification:_identify(scripts) by extension 'ignore'
[0.187s] Level 1:colcon.colcon_core.package_identification:_identify(scripts) by extension 'ignore_ament_install'
[0.187s] Level 1:colcon.colcon_core.package_identification:_identify(scripts) by extensions ['colcon_pkg']
[0.187s] Level 1:colcon.colcon_core.package_identification:_identify(scripts) by extension 'colcon_pkg'
[0.187s] Level 1:colcon.colcon_core.package_identification:_identify(scripts) by extensions ['colcon_meta']
[0.187s] Level 1:colcon.colcon_core.package_identification:_identify(scripts) by extension 'colcon_meta'
[0.187s] Level 1:colcon.colcon_core.package_identification:_identify(scripts) by extensions ['ros']
[0.187s] Level 1:colcon.colcon_core.package_identification:_identify(scripts) by extension 'ros'
[0.187s] Level 1:colcon.colcon_core.package_identification:_identify(scripts) by extensions ['cmake', 'python']
[0.187s] Level 1:colcon.colcon_core.package_identification:_identify(scripts) by extension 'cmake'
[0.187s] Level 1:colcon.colcon_core.package_identification:_identify(scripts) by extension 'python'
[0.187s] Level 1:colcon.colcon_core.package_identification:_identify(scripts) by extensions ['python_setup_py']
[0.187s] Level 1:colcon.colcon_core.package_identification:_identify(scripts) by extension 'python_setup_py'
[0.187s] Level 1:colcon.colcon_core.package_discovery:discover_packages(recursive) using defaults
[0.187s] Level 1:colcon.colcon_core.package_discovery:discover_packages(ignore) discover
[0.188s] Level 1:colcon.colcon_core.package_discovery:discover_packages(ignore) using defaults
[0.188s] Level 1:colcon.colcon_core.package_discovery:discover_packages(path) discover
[0.188s] Level 1:colcon.colcon_core.package_discovery:discover_packages(path) using defaults
[0.199s] Level 5:colcon.colcon_core.verb:set package 'romi_base' build argument 'cmake_args' from command line to 'None'
[0.199s] Level 5:colcon.colcon_core.verb:set package 'romi_base' build argument 'cmake_target' from command line to 'None'
[0.199s] Level 5:colcon.colcon_core.verb:set package 'romi_base' build argument 'cmake_target_skip_unavailable' from command line to 'False'
[0.199s] Level 5:colcon.colcon_core.verb:set package 'romi_base' build argument 'cmake_clean_cache' from command line to 'False'
[0.199s] Level 5:colcon.colcon_core.verb:set package 'romi_base' build argument 'cmake_clean_first' from command line to 'False'
[0.199s] Level 5:colcon.colcon_core.verb:set package 'romi_base' build argument 'cmake_force_configure' from command line to 'False'
[0.199s] Level 5:colcon.colcon_core.verb:set package 'romi_base' build argument 'ament_cmake_args' from command line to 'None'
[0.199s] Level 5:colcon.colcon_core.verb:set package 'romi_base' build argument 'catkin_cmake_args' from command line to 'None'
[0.199s] Level 5:colcon.colcon_core.verb:set package 'romi_base' build argument 'catkin_skip_building_tests' from command line to 'False'
[0.199s] DEBUG:colcon.colcon_core.verb:Building package 'romi_base' with the following arguments: {'ament_cmake_args': None, 'build_base': '/root/ros2_ws/src/ROMI-ROS2/build/romi_base', 'catkin_cmake_args': None, 'catkin_skip_building_tests': False, 'cmake_args': None, 'cmake_clean_cache': False, 'cmake_clean_first': False, 'cmake_force_configure': False, 'cmake_target': None, 'cmake_target_skip_unavailable': False, 'install_base': '/root/ros2_ws/src/ROMI-ROS2/install/romi_base', 'merge_install': False, 'path': '/root/ros2_ws/src/ROMI-ROS2/romi_base', 'symlink_install': False, 'test_result_base': None}
[0.199s] Level 5:colcon.colcon_core.verb:set package 'rplidar_ros' build argument 'cmake_args' from command line to 'None'
[0.199s] Level 5:colcon.colcon_core.verb:set package 'rplidar_ros' build argument 'cmake_target' from command line to 'None'
[0.199s] Level 5:colcon.colcon_core.verb:set package 'rplidar_ros' build argument 'cmake_target_skip_unavailable' from command line to 'False'
[0.199s] Level 5:colcon.colcon_core.verb:set package 'rplidar_ros' build argument 'cmake_clean_cache' from command line to 'False'
[0.199s] Level 5:colcon.colcon_core.verb:set package 'rplidar_ros' build argument 'cmake_clean_first' from command line to 'False'
[0.199s] Level 5:colcon.colcon_core.verb:set package 'rplidar_ros' build argument 'cmake_force_configure' from command line to 'False'
[0.199s] Level 5:colcon.colcon_core.verb:set package 'rplidar_ros' build argument 'ament_cmake_args' from command line to 'None'
[0.199s] Level 5:colcon.colcon_core.verb:set package 'rplidar_ros' build argument 'catkin_cmake_args' from command line to 'None'
[0.199s] Level 5:colcon.colcon_core.verb:set package 'rplidar_ros' build argument 'catkin_skip_building_tests' from command line to 'False'
[0.199s] DEBUG:colcon.colcon_core.verb:Building package 'rplidar_ros' with the following arguments: {'ament_cmake_args': None, 'build_base': '/root/ros2_ws/src/ROMI-ROS2/build/rplidar_ros', 'catkin_cmake_args': None, 'catkin_skip_building_tests': False, 'cmake_args': None, 'cmake_clean_cache': False, 'cmake_clean_first': False, 'cmake_force_configure': False, 'cmake_target': None, 'cmake_target_skip_unavailable': False, 'install_base': '/root/ros2_ws/src/ROMI-ROS2/install/rplidar_ros', 'merge_install': False, 'path': '/root/ros2_ws/src/ROMI-ROS2/rplidar_ros', 'symlink_install': False, 'test_result_base': None}
[0.199s] INFO:colcon.colcon_core.executor:Executing jobs using 'parallel' executor
[0.200s] DEBUG:colcon.colcon_parallel_executor.executor.parallel:run_until_complete
[0.200s] INFO:colcon.colcon_ros.task.ament_python.build:Building ROS package in '/root/ros2_ws/src/ROMI-ROS2/romi_base' with build type 'ament_python'
[0.200s] Level 1:colcon.colcon_core.shell:create_environment_hook('romi_base', 'ament_prefix_path')
[0.201s] INFO:colcon.colcon_core.plugin_system:Skipping extension 'colcon_core.shell.bat': Not used on non-Windows systems
[0.201s] INFO:colcon.colcon_core.shell:Creating environment hook '/root/ros2_ws/src/ROMI-ROS2/install/romi_base/share/romi_base/hook/ament_prefix_path.ps1'
[0.202s] INFO:colcon.colcon_core.shell:Creating environment descriptor '/root/ros2_ws/src/ROMI-ROS2/install/romi_base/share/romi_base/hook/ament_prefix_path.dsv'
[0.202s] INFO:colcon.colcon_core.shell:Creating environment hook '/root/ros2_ws/src/ROMI-ROS2/install/romi_base/share/romi_base/hook/ament_prefix_path.sh'
[0.202s] INFO:colcon.colcon_core.shell:Skip shell extension 'powershell' for command environment: Not usable outside of PowerShell
[0.202s] DEBUG:colcon.colcon_core.shell:Skip shell extension 'dsv' for command environment
[0.205s] INFO:colcon.colcon_ros.task.ament_cmake.build:Building ROS package in '/root/ros2_ws/src/ROMI-ROS2/rplidar_ros' with build type 'ament_cmake'
[0.205s] INFO:colcon.colcon_cmake.task.cmake.build:Building CMake package in '/root/ros2_ws/src/ROMI-ROS2/rplidar_ros'
[0.205s] INFO:colcon.colcon_core.shell:Skip shell extension 'powershell' for command environment: Not usable outside of PowerShell
[0.205s] DEBUG:colcon.colcon_core.shell:Skip shell extension 'dsv' for command environment
[0.339s] INFO:colcon.colcon_core.task.python.build:Building Python package in '/root/ros2_ws/src/ROMI-ROS2/romi_base'
[0.339s] INFO:colcon.colcon_core.shell:Skip shell extension 'powershell' for command environment: Not usable outside of PowerShell
[0.339s] DEBUG:colcon.colcon_core.shell:Skip shell extension 'dsv' for command environment
[0.346s] DEBUG:colcon.colcon_core.event_handler.log_command:Invoking command in '/root/ros2_ws/src/ROMI-ROS2/build/rplidar_ros': CMAKE_PREFIX_PATH=${CMAKE_PREFIX_PATH}:/root/ros2_ws/src/ROMI-ROS2/install/romi_base:/opt/ros/humble /usr/bin/cmake /root/ros2_ws/src/ROMI-ROS2/rplidar_ros -DCMAKE_INSTALL_PREFIX=/root/ros2_ws/src/ROMI-ROS2/install/rplidar_ros
[0.504s] DEBUG:colcon.colcon_core.event_handler.log_command:Invoking command in '/root/ros2_ws/src/ROMI-ROS2/romi_base': PYTHONPATH=/root/ros2_ws/src/ROMI-ROS2/build/romi_base/prefix_override:/usr/lib/python3/dist-packages/colcon_core/task/python/colcon_distutils_commands:/root/ros2_ws/src/ROMI-ROS2/install/romi_base/lib/python3.10/site-packages:${PYTHONPATH} /usr/bin/python3 -W ignore:setup.py install is deprecated -W ignore:easy_install command is deprecated setup.py egg_info --egg-base ../build/romi_base build --build-base /root/ros2_ws/src/ROMI-ROS2/build/romi_base/build install --record /root/ros2_ws/src/ROMI-ROS2/build/romi_base/install.log --single-version-externally-managed install_data
[0.669s] DEBUG:colcon.colcon_core.event_handler.log_command:Invoked command in '/root/ros2_ws/src/ROMI-ROS2/romi_base' returned '0': PYTHONPATH=/root/ros2_ws/src/ROMI-ROS2/build/romi_base/prefix_override:/usr/lib/python3/dist-packages/colcon_core/task/python/colcon_distutils_commands:/root/ros2_ws/src/ROMI-ROS2/install/romi_base/lib/python3.10/site-packages:${PYTHONPATH} /usr/bin/python3 -W ignore:setup.py install is deprecated -W ignore:easy_install command is deprecated setup.py egg_info --egg-base ../build/romi_base build --build-base /root/ros2_ws/src/ROMI-ROS2/build/romi_base/build install --record /root/ros2_ws/src/ROMI-ROS2/build/romi_base/install.log --single-version-externally-managed install_data
[0.672s] Level 1:colcon.colcon_core.environment:checking '/root/ros2_ws/src/ROMI-ROS2/install/romi_base' for CMake module files
[0.673s] Level 1:colcon.colcon_core.environment:checking '/root/ros2_ws/src/ROMI-ROS2/install/romi_base' for CMake config files
[0.673s] Level 1:colcon.colcon_core.environment:checking '/root/ros2_ws/src/ROMI-ROS2/install/romi_base/lib'
[0.673s] Level 1:colcon.colcon_core.environment:checking '/root/ros2_ws/src/ROMI-ROS2/install/romi_base/bin'
[0.673s] Level 1:colcon.colcon_core.environment:checking '/root/ros2_ws/src/ROMI-ROS2/install/romi_base/lib/pkgconfig/romi_base.pc'
[0.673s] Level 1:colcon.colcon_core.environment:checking '/root/ros2_ws/src/ROMI-ROS2/install/romi_base/lib/python3.10/site-packages'
[0.673s] Level 1:colcon.colcon_core.shell:create_environment_hook('romi_base', 'pythonpath')
[0.674s] INFO:colcon.colcon_core.shell:Creating environment hook '/root/ros2_ws/src/ROMI-ROS2/install/romi_base/share/romi_base/hook/pythonpath.ps1'
[0.674s] INFO:colcon.colcon_core.shell:Creating environment descriptor '/root/ros2_ws/src/ROMI-ROS2/install/romi_base/share/romi_base/hook/pythonpath.dsv'
[0.674s] INFO:colcon.colcon_core.shell:Creating environment hook '/root/ros2_ws/src/ROMI-ROS2/install/romi_base/share/romi_base/hook/pythonpath.sh'
[0.674s] Level 1:colcon.colcon_core.environment:checking '/root/ros2_ws/src/ROMI-ROS2/install/romi_base/bin'
[0.674s] Level 1:colcon.colcon_core.environment:create_environment_scripts_only(romi_base)
[0.675s] INFO:colcon.colcon_core.shell:Creating package script '/root/ros2_ws/src/ROMI-ROS2/install/romi_base/share/romi_base/package.ps1'
[0.675s] INFO:colcon.colcon_core.shell:Creating package descriptor '/root/ros2_ws/src/ROMI-ROS2/install/romi_base/share/romi_base/package.dsv'
[0.675s] INFO:colcon.colcon_core.shell:Creating package script '/root/ros2_ws/src/ROMI-ROS2/install/romi_base/share/romi_base/package.sh'
[0.676s] INFO:colcon.colcon_core.shell:Creating package script '/root/ros2_ws/src/ROMI-ROS2/install/romi_base/share/romi_base/package.bash'
[0.676s] INFO:colcon.colcon_core.shell:Creating package script '/root/ros2_ws/src/ROMI-ROS2/install/romi_base/share/romi_base/package.zsh'
[0.676s] Level 1:colcon.colcon_core.environment:create_file_with_runtime_dependencies(/root/ros2_ws/src/ROMI-ROS2/install/romi_base/share/colcon-core/packages/romi_base)
[0.715s] DEBUG:colcon.colcon_core.event_handler.log_command:Invoked command in '/root/ros2_ws/src/ROMI-ROS2/build/rplidar_ros' returned '0': CMAKE_PREFIX_PATH=${CMAKE_PREFIX_PATH}:/root/ros2_ws/src/ROMI-ROS2/install/romi_base:/opt/ros/humble /usr/bin/cmake /root/ros2_ws/src/ROMI-ROS2/rplidar_ros -DCMAKE_INSTALL_PREFIX=/root/ros2_ws/src/ROMI-ROS2/install/rplidar_ros
[0.717s] DEBUG:colcon.colcon_core.event_handler.log_command:Invoking command in '/root/ros2_ws/src/ROMI-ROS2/build/rplidar_ros': CMAKE_PREFIX_PATH=${CMAKE_PREFIX_PATH}:/root/ros2_ws/src/ROMI-ROS2/install/romi_base:/opt/ros/humble /usr/bin/cmake --build /root/ros2_ws/src/ROMI-ROS2/build/rplidar_ros -- -j12 -l12
[0.787s] DEBUG:colcon.colcon_core.event_handler.log_command:Invoked command in '/root/ros2_ws/src/ROMI-ROS2/build/rplidar_ros' returned '0': CMAKE_PREFIX_PATH=${CMAKE_PREFIX_PATH}:/root/ros2_ws/src/ROMI-ROS2/install/romi_base:/opt/ros/humble /usr/bin/cmake --build /root/ros2_ws/src/ROMI-ROS2/build/rplidar_ros -- -j12 -l12
[0.793s] DEBUG:colcon.colcon_core.event_handler.log_command:Invoking command in '/root/ros2_ws/src/ROMI-ROS2/build/rplidar_ros': CMAKE_PREFIX_PATH=${CMAKE_PREFIX_PATH}:/root/ros2_ws/src/ROMI-ROS2/install/romi_base:/opt/ros/humble /usr/bin/cmake --install /root/ros2_ws/src/ROMI-ROS2/build/rplidar_ros
[0.803s] Level 1:colcon.colcon_core.environment:create_environment_scripts_only(rplidar_ros)
[0.803s] Level 1:colcon.colcon_core.environment:checking '/root/ros2_ws/src/ROMI-ROS2/install/rplidar_ros' for CMake module files
[0.804s] DEBUG:colcon.colcon_core.event_handler.log_command:Invoked command in '/root/ros2_ws/src/ROMI-ROS2/build/rplidar_ros' returned '0': CMAKE_PREFIX_PATH=${CMAKE_PREFIX_PATH}:/root/ros2_ws/src/ROMI-ROS2/install/romi_base:/opt/ros/humble /usr/bin/cmake --install /root/ros2_ws/src/ROMI-ROS2/build/rplidar_ros
[0.804s] Level 1:colcon.colcon_core.environment:checking '/root/ros2_ws/src/ROMI-ROS2/install/rplidar_ros' for CMake config files
[0.804s] Level 1:colcon.colcon_core.shell:create_environment_hook('rplidar_ros', 'cmake_prefix_path')
[0.804s] INFO:colcon.colcon_core.shell:Creating environment hook '/root/ros2_ws/src/ROMI-ROS2/install/rplidar_ros/share/rplidar_ros/hook/cmake_prefix_path.ps1'
[0.805s] INFO:colcon.colcon_core.shell:Creating environment descriptor '/root/ros2_ws/src/ROMI-ROS2/install/rplidar_ros/share/rplidar_ros/hook/cmake_prefix_path.dsv'
[0.805s] INFO:colcon.colcon_core.shell:Creating environment hook '/root/ros2_ws/src/ROMI-ROS2/install/rplidar_ros/share/rplidar_ros/hook/cmake_prefix_path.sh'
[0.805s] Level 1:colcon.colcon_core.environment:checking '/root/ros2_ws/src/ROMI-ROS2/install/rplidar_ros/lib'
[0.805s] Level 1:colcon.colcon_core.environment:checking '/root/ros2_ws/src/ROMI-ROS2/install/rplidar_ros/bin'
[0.805s] Level 1:colcon.colcon_core.environment:checking '/root/ros2_ws/src/ROMI-ROS2/install/rplidar_ros/lib/pkgconfig/rplidar_ros.pc'
[0.805s] Level 1:colcon.colcon_core.environment:checking '/root/ros2_ws/src/ROMI-ROS2/install/rplidar_ros/lib/python3.10/site-packages'
[0.805s] Level 1:colcon.colcon_core.environment:checking '/root/ros2_ws/src/ROMI-ROS2/install/rplidar_ros/bin'
[0.805s] INFO:colcon.colcon_core.shell:Creating package script '/root/ros2_ws/src/ROMI-ROS2/install/rplidar_ros/share/rplidar_ros/package.ps1'
[0.806s] INFO:colcon.colcon_core.shell:Creating package descriptor '/root/ros2_ws/src/ROMI-ROS2/install/rplidar_ros/share/rplidar_ros/package.dsv'
[0.806s] INFO:colcon.colcon_core.shell:Creating package script '/root/ros2_ws/src/ROMI-ROS2/install/rplidar_ros/share/rplidar_ros/package.sh'
[0.806s] INFO:colcon.colcon_core.shell:Creating package script '/root/ros2_ws/src/ROMI-ROS2/install/rplidar_ros/share/rplidar_ros/package.bash'
[0.806s] INFO:colcon.colcon_core.shell:Creating package script '/root/ros2_ws/src/ROMI-ROS2/install/rplidar_ros/share/rplidar_ros/package.zsh'
[0.806s] Level 1:colcon.colcon_core.environment:create_file_with_runtime_dependencies(/root/ros2_ws/src/ROMI-ROS2/install/rplidar_ros/share/colcon-core/packages/rplidar_ros)
[0.807s] Level 1:colcon.colcon_core.environment:create_environment_scripts_only(rplidar_ros)
[0.807s] Level 1:colcon.colcon_core.environment:checking '/root/ros2_ws/src/ROMI-ROS2/install/rplidar_ros' for CMake module files
[0.807s] Level 1:colcon.colcon_core.environment:checking '/root/ros2_ws/src/ROMI-ROS2/install/rplidar_ros' for CMake config files
[0.807s] Level 1:colcon.colcon_core.shell:create_environment_hook('rplidar_ros', 'cmake_prefix_path')
[0.807s] INFO:colcon.colcon_core.shell:Creating environment hook '/root/ros2_ws/src/ROMI-ROS2/install/rplidar_ros/share/rplidar_ros/hook/cmake_prefix_path.ps1'
[0.807s] INFO:colcon.colcon_core.shell:Creating environment descriptor '/root/ros2_ws/src/ROMI-ROS2/install/rplidar_ros/share/rplidar_ros/hook/cmake_prefix_path.dsv'
[0.808s] INFO:colcon.colcon_core.shell:Creating environment hook '/root/ros2_ws/src/ROMI-ROS2/install/rplidar_ros/share/rplidar_ros/hook/cmake_prefix_path.sh'
[0.809s] Level 1:colcon.colcon_core.environment:checking '/root/ros2_ws/src/ROMI-ROS2/install/rplidar_ros/lib'
[0.809s] Level 1:colcon.colcon_core.environment:checking '/root/ros2_ws/src/ROMI-ROS2/install/rplidar_ros/bin'
[0.809s] Level 1:colcon.colcon_core.environment:checking '/root/ros2_ws/src/ROMI-ROS2/install/rplidar_ros/lib/pkgconfig/rplidar_ros.pc'
[0.809s] Level 1:colcon.colcon_core.environment:checking '/root/ros2_ws/src/ROMI-ROS2/install/rplidar_ros/lib/python3.10/site-packages'
[0.809s] Level 1:colcon.colcon_core.environment:checking '/root/ros2_ws/src/ROMI-ROS2/install/rplidar_ros/bin'
[0.809s] INFO:colcon.colcon_core.shell:Creating package script '/root/ros2_ws/src/ROMI-ROS2/install/rplidar_ros/share/rplidar_ros/package.ps1'
[0.810s] INFO:colcon.colcon_core.shell:Creating package descriptor '/root/ros2_ws/src/ROMI-ROS2/install/rplidar_ros/share/rplidar_ros/package.dsv'
[0.810s] INFO:colcon.colcon_core.shell:Creating package script '/root/ros2_ws/src/ROMI-ROS2/install/rplidar_ros/share/rplidar_ros/package.sh'
[0.810s] INFO:colcon.colcon_core.shell:Creating package script '/root/ros2_ws/src/ROMI-ROS2/install/rplidar_ros/share/rplidar_ros/package.bash'
[0.810s] INFO:colcon.colcon_core.shell:Creating package script '/root/ros2_ws/src/ROMI-ROS2/install/rplidar_ros/share/rplidar_ros/package.zsh'
[0.810s] Level 1:colcon.colcon_core.environment:create_file_with_runtime_dependencies(/root/ros2_ws/src/ROMI-ROS2/install/rplidar_ros/share/colcon-core/packages/rplidar_ros)
[0.811s] DEBUG:colcon.colcon_parallel_executor.executor.parallel:closing loop
[0.811s] DEBUG:colcon.colcon_parallel_executor.executor.parallel:loop closed
[0.811s] DEBUG:colcon.colcon_parallel_executor.executor.parallel:run_until_complete finished with '0'
[0.811s] DEBUG:colcon.colcon_core.event_reactor:joining thread
[0.833s] INFO:colcon.colcon_core.plugin_system:Skipping extension 'colcon_notification.desktop_notification.notify_send': Could not find 'notify-send'
[0.833s] INFO:colcon.colcon_core.plugin_system:Skipping extension 'colcon_notification.desktop_notification.terminal_notifier': Not used on non-Darwin systems
[0.833s] INFO:colcon.colcon_core.plugin_system:Skipping extension 'colcon_notification.desktop_notification.win32': Not used on non-Windows systems
[0.833s] INFO:colcon.colcon_notification.desktop_notification:Sending desktop notification using 'notify2'
[0.835s] DEBUG:colcon.colcon_notification.desktop_notification.notify2:Failed to initialize notify2: org.freedesktop.DBus.Error.Spawn.ExecFailed: /usr/bin/dbus-launch terminated abnormally without any error message
[0.835s] DEBUG:colcon.colcon_core.event_reactor:joined thread
[0.835s] INFO:colcon.colcon_core.shell:Creating prefix script '/root/ros2_ws/src/ROMI-ROS2/install/local_setup.ps1'
[0.836s] INFO:colcon.colcon_core.shell:Creating prefix util module '/root/ros2_ws/src/ROMI-ROS2/install/_local_setup_util_ps1.py'
[0.836s] INFO:colcon.colcon_core.shell:Creating prefix chain script '/root/ros2_ws/src/ROMI-ROS2/install/setup.ps1'
[0.837s] INFO:colcon.colcon_core.shell:Creating prefix script '/root/ros2_ws/src/ROMI-ROS2/install/local_setup.sh'
[0.838s] INFO:colcon.colcon_core.shell:Creating prefix util module '/root/ros2_ws/src/ROMI-ROS2/install/_local_setup_util_sh.py'
[0.838s] INFO:colcon.colcon_core.shell:Creating prefix chain script '/root/ros2_ws/src/ROMI-ROS2/install/setup.sh'
[0.839s] INFO:colcon.colcon_core.shell:Creating prefix script '/root/ros2_ws/src/ROMI-ROS2/install/local_setup.bash'
[0.839s] INFO:colcon.colcon_core.shell:Creating prefix chain script '/root/ros2_ws/src/ROMI-ROS2/install/setup.bash'
[0.840s] INFO:colcon.colcon_core.shell:Creating prefix script '/root/ros2_ws/src/ROMI-ROS2/install/local_setup.zsh'
[0.840s] INFO:colcon.colcon_core.shell:Creating prefix chain script '/root/ros2_ws/src/ROMI-ROS2/install/setup.zsh'
